118
0 S1
1 S2
2 S3
3 S4
4 S5
5 T1
6 T2
7 T3
8 T4
9 T5
10 T6
11 T7
12 T8
13 T9
14 T10
15 W1
16 W2
17 W3
18 W4
19 W5
20 W6
21 W7
22 W8
23 DIE1
24 DIE2
25 SP1
26 SP2
27 SP3
28 SP4
29 SP5
30 SP6
31 SPX
32 XX1
33 XX2
34 UPNEED
35 UPNEED2
36 SNEED
37 SNEED2
38 SNEED3
39 SNEED4
40 MID
41 MEAT1
42 MEAT2
43 MEAT3
44 MEAT4
45 MEATX1
46 MEATX2
47 MEATX3
48 MEATX4
49 WALK
50 BASH1
51 BASH2
52 BASH3
53 BASH4
54 BASH5
55 BASH6
56 BASH7
57 BASH8
58 BASH9
59 BASH10
60 BASH11
61 HEAD1
62 HEAD2
63 HEAD3
64 HEAD4
65 HEAD5
66 HEAD6
67 ROCK
68 ROCK2
69 ROCK3
70 ROCK4
71 ROCK5
72 ROCK6
73 ROCK7
74 CHUNK1
75 CHUNK2
76 CHUNK3
77 CHUNK4
78 CHUNK5
79 CHUNK6
80 CHUNK7
81 CHUNK8
82 R1
83 R2
84 R3
85 R4
86 R5
87 R6
88 R7
89 R8
90 R9
91 R10
92 R11
93 R12
94 R13
95 R14
96 R15
97 R16
98 ONE
99 MASH
100 GRAB1
101 GRAB2
102 GRAB3
103 GRAB4
104 GRAB5
105 GRAB6
106 GRAB7
107 GRAB8
108 GRAB9
109 GRAB10
110 WIG
111 PUNT
112 SHRINK1
113 SHRINK2
114 SHRINK3
115 SHRINK4
116 SHRINK5
117 SHRINK6
