
Module: c:\source\a32\guirect.cpp
Group: 'DGROUP' CONST,CONST2,_DATA,_BSS

Segment: _TEXT  PARA USE32  000005c4 bytes  
 0000                    void near nextGUIdef():
 0000  53                                push    ebx
 0001  51                                push    ecx
 0002  52                                push    edx
 0003  56                                push    esi
 0004  57                                push    edi
 0005  8b 1d 00 00 00 00                 mov     ebx,int near GUIdefx
 000b  8b 0d 00 00 00 00                 mov     ecx,int near GUIdefy
 0011  8b 35 00 00 00 00                 mov     esi,_SCREENX
 0017  8b 3d 00 00 00 00                 mov     edi,_SCREENY
 001d  89 f2                             mov     edx,esi
 001f  89 f0                             mov     eax,esi
 0021  c1 fa 1f                          sar     edx,1fH
 0024  2b c2                             sub     eax,edx
 0026  d1 f8                             sar     eax,1
 0028  83 c3 14                          add     ebx,00000014H
 002b  83 c1 14                          add     ecx,00000014H
 002e  39 c3                             cmp     ebx,eax
 0030  7e 05                             jle     L1
 0032  bb 32 00 00 00                    mov     ebx,00000032H
 0037  89 fa             L1              mov     edx,edi
 0039  89 f8                             mov     eax,edi
 003b  c1 fa 1f                          sar     edx,1fH
 003e  2b c2                             sub     eax,edx
 0040  d1 f8                             sar     eax,1
 0042  39 c1                             cmp     ecx,eax
 0044  7e 05                             jle     L2
 0046  b9 32 00 00 00                    mov     ecx,00000032H
 004b  89 3d 00 00 00 00 L2              mov     _SCREENY,edi
 0051  89 35 00 00 00 00                 mov     _SCREENX,esi
 0057  89 0d 00 00 00 00                 mov     int near GUIdefy,ecx
 005d  89 1d 00 00 00 00                 mov     int near GUIdefx,ebx
 0063  5f                                pop     edi
 0064  5e                                pop     esi
 0065  5a                                pop     edx
 0066  59                                pop     ecx
 0067  5b                                pop     ebx
 0068  c3                                ret     
 0069  8d 40 00                          lea     eax,+0H[eax]
 006c                    void near GUIrect::reparent( GUIrect near * ):
 006c  53                                push    ebx
 006d  51                                push    ecx
 006e  89 c1                             mov     ecx,eax
 0070  83 38 00                          cmp     dword ptr [eax],00000000H
 0073  74 05                             je      L3
 0075  e8 00 00 00 00                    call    void near GUIrect::unlink()
 007a  89 11             L3              mov     [ecx],edx
 007c  85 d2                             test    edx,edx
 007e  74 1e                             je      L4
 0080  89 c8                             mov     eax,ecx
 0082  8b 5a 1d                          mov     ebx,+1dH[edx]
 0085  8b 52 19                          mov     edx,+19H[edx]
 0088  e8 00 00 00 00                    call    void near GUIrect::moverel( int, int )
 008d  89 c8                             mov     eax,ecx
 008f  31 d2                             xor     edx,edx
 0091  e8 00 00 00 00                    call    void near GUIrect::link( GUIrect near * )
 0096  8b 51 29                          mov     edx,+29H[ecx]
 0099  89 c8                             mov     eax,ecx
 009b  ff 52 08                          call    dword ptr +8H[edx]
 009e  59                L4              pop     ecx
 009f  5b                                pop     ebx
 00a0  c3                                ret     
 00a1  8d 40 00                          lea     eax,+0H[eax]
 00a4                    near GUIrect::GUIrect( GUIrect near *, int, int, int, int ):
 00a4  56                                push    esi
 00a5  57                                push    edi
 00a6  8b 7c 24 0c                       mov     edi,+0cH[esp]
 00aa  89 c6                             mov     esi,eax
 00ac  8b 44 24 10                       mov     eax,+10H[esp]
 00b0  c7 46 29 00 00 00 
       00                                mov     dword ptr +29H[esi],offset void (near * const near __vftbl[])()
 00b7  39 fb                             cmp     ebx,edi
 00b9  7d 08                             jge     L5
 00bb  89 5e 19                          mov     +19H[esi],ebx
 00be  89 7e 21                          mov     +21H[esi],edi
 00c1  eb 06                             jmp     L6
 00c3  89 7e 19          L5              mov     +19H[esi],edi
 00c6  89 5e 21                          mov     +21H[esi],ebx
 00c9  39 c1             L6              cmp     ecx,eax
 00cb  7d 08                             jge     L7
 00cd  89 4e 1d                          mov     +1dH[esi],ecx
 00d0  89 46 25                          mov     +25H[esi],eax
 00d3  eb 06                             jmp     L8
 00d5  89 46 1d          L7              mov     +1dH[esi],eax
 00d8  89 4e 25                          mov     +25H[esi],ecx
 00db  c7 06 00 00 00 00 L8              mov     dword ptr [esi],00000000H
 00e1  c7 46 08 00 00 00 
       00                                mov     dword ptr +8H[esi],00000000H
 00e8  c7 46 10 00 00 00 
       00                                mov     dword ptr +10H[esi],00000000H
 00ef  c7 46 15 00 00 00 
       00                                mov     dword ptr +15H[esi],00000000H
 00f6  8b 5e 08                          mov     ebx,+8H[esi]
 00f9  89 5e 04                          mov     +4H[esi],ebx
 00fc  8b 5e 10                          mov     ebx,+10H[esi]
 00ff  89 f0                             mov     eax,esi
 0101  89 5e 0c                          mov     +0cH[esi],ebx
 0104  e8 00 00 00 00                    call    void near GUIrect::reparent( GUIrect near * )
 0109  89 f0                             mov     eax,esi
 010b  5f                                pop     edi
 010c  5e                                pop     esi
 010d  c2 08 00                          ret     0008H
 0110                    near GUIrect::~GUIrect():
 0110  53                                push    ebx
 0111  51                                push    ecx
 0112  56                                push    esi
 0113  57                                push    edi
 0114  55                                push    ebp
 0115  83 ec 04                          sub     esp,00000004H
 0118  89 c3                             mov     ebx,eax
 011a  89 14 24                          mov     [esp],edx
 011d  f6 04 24 04                       test    byte ptr [esp],04H
 0121  74 13                             je      L9
 0123  ba 00 00 00 00                    mov     edx,offset char unsigned const near __typesig[]
 0128  89 d8                             mov     eax,ebx
 012a  e8 00 00 00 00                    call    __wcpp_2_dtor_array_store__
 012f  e8 00 00 00 00                    call    void near operator delete []( void near * )
 0134  eb 5c                             jmp     L13
 0136  8b 15 00 00 00 00 L9              mov     edx,GUIrect near * near GUIrect::modal
 013c  c7 43 29 00 00 00 
       00                                mov     dword ptr +29H[ebx],offset void (near * const near __vftbl[])()
 0143  39 d3                             cmp     ebx,edx
 0145  75 08                             jne     L10
 0147  31 c9                             xor     ecx,ecx
 0149  89 0d 00 00 00 00                 mov     GUIrect near * near GUIrect::modal,ecx
 014f  8b 33             L10             mov     esi,[ebx]
 0151  85 f6                             test    esi,esi
 0153  74 10                             je      L11
 0155  8b 7e 15                          mov     edi,+15H[esi]
 0158  89 f0                             mov     eax,esi
 015a  39 fb                             cmp     ebx,edi
 015c  75 07                             jne     L11
 015e  c7 46 15 00 00 00 
       00                                mov     dword ptr +15H[esi],00000000H
 0165  8b 6b 04          L11             mov     ebp,+4H[ebx]
 0168  85 ed                             test    ebp,ebp
 016a  74 10                             je      L12
 016c  89 e8                             mov     eax,ebp
 016e  74 f5                             je      L11
 0170  8b 4d 29                          mov     ecx,+29H[ebp]
 0173  ba 02 00 00 00                    mov     edx,00000002H
 0178  ff 11                             call    dword ptr [ecx]
 017a  eb e9                             jmp     L11
 017c  89 d8             L12             mov     eax,ebx
 017e  8a 14 24                          mov     dl,[esp]
 0181  e8 00 00 00 00                    call    void near GUIrect::unlink()
 0186  f6 c2 02                          test    dl,02H
 0189  74 07                             je      L13
 018b  89 d8                             mov     eax,ebx
 018d  e8 00 00 00 00                    call    void near operator delete( void near * )
 0192  89 d8             L13             mov     eax,ebx
 0194  83 c4 04                          add     esp,00000004H
 0197  5d                                pop     ebp
 0198  5f                                pop     edi
 0199  5e                                pop     esi
 019a  59                                pop     ecx
 019b  5b                                pop     ebx
 019c  c3                                ret     
 019d  8d 40 00                          lea     eax,+0H[eax]
 01a0                    void near GUIrect::unlink():
 01a0  53                                push    ebx
 01a1  51                                push    ecx
 01a2  52                                push    edx
 01a3  8b 10                             mov     edx,[eax]
 01a5  85 d2                             test    edx,edx
 01a7  74 39                             je      L18
 01a9  8b 58 0c                          mov     ebx,+0cH[eax]
 01ac  85 db                             test    ebx,ebx
 01ae  74 08                             je      L14
 01b0  8b 50 10                          mov     edx,+10H[eax]
 01b3  89 53 10                          mov     +10H[ebx],edx
 01b6  eb 06                             jmp     L15
 01b8  8b 58 10          L14             mov     ebx,+10H[eax]
 01bb  89 5a 04                          mov     +4H[edx],ebx
 01be  8b 48 10          L15             mov     ecx,+10H[eax]
 01c1  85 c9                             test    ecx,ecx
 01c3  74 08                             je      L16
 01c5  8b 50 0c                          mov     edx,+0cH[eax]
 01c8  89 51 0c                          mov     +0cH[ecx],edx
 01cb  eb 08                             jmp     L17
 01cd  8b 18             L16             mov     ebx,[eax]
 01cf  8b 50 0c                          mov     edx,+0cH[eax]
 01d2  89 53 08                          mov     +8H[ebx],edx
 01d5  c7 40 10 00 00 00 
       00                L17             mov     dword ptr +10H[eax],00000000H
 01dc  8b 50 10                          mov     edx,+10H[eax]
 01df  89 50 0c                          mov     +0cH[eax],edx
 01e2  5a                L18             pop     edx
 01e3  59                                pop     ecx
 01e4  5b                                pop     ebx
 01e5  c3                                ret     
 01e6  8b c0                             mov     eax,eax
 01e8                    void near GUIrect::link( GUIrect near * ):
 01e8  56                                push    esi
 01e9  57                                push    edi
 01ea  83 38 00                          cmp     dword ptr [eax],00000000H
 01ed  74 37                             je      L24
 01ef  89 50 0c                          mov     +0cH[eax],edx
 01f2  85 d2                             test    edx,edx
 01f4  75 07                             jne     L19
 01f6  8b 10                             mov     edx,[eax]
 01f8  8b 52 04                          mov     edx,+4H[edx]
 01fb  eb 03                             jmp     L20
 01fd  8b 52 10          L19             mov     edx,+10H[edx]
 0200  89 50 10          L20             mov     +10H[eax],edx
 0203  8b 70 0c                          mov     esi,+0cH[eax]
 0206  85 f6                             test    esi,esi
 0208  74 05                             je      L21
 020a  89 46 10                          mov     +10H[esi],eax
 020d  eb 05                             jmp     L22
 020f  8b 10             L21             mov     edx,[eax]
 0211  89 42 04                          mov     +4H[edx],eax
 0214  8b 78 10          L22             mov     edi,+10H[eax]
 0217  85 ff                             test    edi,edi
 0219  74 06                             je      L23
 021b  89 47 0c                          mov     +0cH[edi],eax
 021e  5f                                pop     edi
 021f  5e                                pop     esi
 0220  c3                                ret     
 0221  8b 10             L23             mov     edx,[eax]
 0223  89 42 08                          mov     +8H[edx],eax
 0226  5f                L24             pop     edi
 0227  5e                                pop     esi
 0228  c3                                ret     
 0229  8d 40 00                          lea     eax,+0H[eax]
 022c                    GUIrect near * near GUIrect::hittest( int, int ):
 022c  51                                push    ecx
 022d  56                                push    esi
 022e  57                                push    edi
 022f  55                                push    ebp
 0230  83 ec 04                          sub     esp,00000004H
 0233  89 04 24                          mov     [esp],eax
 0236  89 d6                             mov     esi,edx
 0238  89 df                             mov     edi,ebx
 023a  3b 70 19                          cmp     esi,+19H[eax]
 023d  7c 48                             jl      L28
 023f  3b 70 21                          cmp     esi,+21H[eax]
 0242  7f 43                             jg      L28
 0244  3b 78 1d                          cmp     edi,+1dH[eax]
 0247  7c 3e                             jl      L28
 0249  3b 78 25                          cmp     edi,+25H[eax]
 024c  7f 39                             jg      L28
 024e  8b 48 04                          mov     ecx,+4H[eax]
 0251  85 c9                             test    ecx,ecx
 0253  75 09                             jne     L26
 0255  eb 19                             jmp     L27
 0257  8b 49 10          L25             mov     ecx,+10H[ecx]
 025a  85 c9                             test    ecx,ecx
 025c  74 12                             je      L27
 025e  89 fb             L26             mov     ebx,edi
 0260  8b 69 29                          mov     ebp,+29H[ecx]
 0263  89 f2                             mov     edx,esi
 0265  89 c8                             mov     eax,ecx
 0267  ff 55 04                          call    dword ptr +4H[ebp]
 026a  85 c0                             test    eax,eax
 026c  74 e9                             je      L25
 026e  eb 19                             jmp     L29
 0270  8b 04 24          L27             mov     eax,[esp]
 0273  3b 05 00 00 00 00                 cmp     eax,GUIroot near * near guiroot
 0279  75 0e                             jne     L29
 027b  8b 0c 24                          mov     ecx,[esp]
 027e  8b 49 29                          mov     ecx,+29H[ecx]
 0281  8b 04 24                          mov     eax,[esp]
 0284  ff 51 20                          call    dword ptr +20H[ecx]
 0287  31 c0             L28             xor     eax,eax
 0289  83 c4 04          L29             add     esp,00000004H
 028c  5d                                pop     ebp
 028d  5f                                pop     edi
 028e  5e                                pop     esi
 028f  59                                pop     ecx
 0290  c3                                ret     
 0291  8d 40 00                          lea     eax,+0H[eax]
 0294                    void near GUIrect::moveto( int, int ):
 0294  51                                push    ecx
 0295  56                                push    esi
 0296  8b 48 1d                          mov     ecx,+1dH[eax]
 0299  8b 70 19                          mov     esi,+19H[eax]
 029c  29 cb                             sub     ebx,ecx
 029e  29 f2                             sub     edx,esi
 02a0  e8 00 00 00 00                    call    void near GUIrect::moverel( int, int )
 02a5  5e                                pop     esi
 02a6  59                                pop     ecx
 02a7  c3                                ret     
 02a8                    void near GUIrect::moverel( int, int ):
 02a8  51                                push    ecx
 02a9  56                                push    esi
 02aa  57                                push    edi
 02ab  55                                push    ebp
 02ac  89 d7                             mov     edi,edx
 02ae  89 de                             mov     esi,ebx
 02b0  8b 50 19                          mov     edx,+19H[eax]
 02b3  01 fa                             add     edx,edi
 02b5  8b 58 21                          mov     ebx,+21H[eax]
 02b8  89 50 19                          mov     +19H[eax],edx
 02bb  01 fb                             add     ebx,edi
 02bd  8b 48 1d                          mov     ecx,+1dH[eax]
 02c0  89 58 21                          mov     +21H[eax],ebx
 02c3  01 f1                             add     ecx,esi
 02c5  8b 68 25                          mov     ebp,+25H[eax]
 02c8  89 48 1d                          mov     +1dH[eax],ecx
 02cb  01 f5                             add     ebp,esi
 02cd  8b 48 04                          mov     ecx,+4H[eax]
 02d0  89 68 25                          mov     +25H[eax],ebp
 02d3  85 c9                             test    ecx,ecx
 02d5  74 12                             je      L31
 02d7  89 f3             L30             mov     ebx,esi
 02d9  89 fa                             mov     edx,edi
 02db  89 c8                             mov     eax,ecx
 02dd  e8 00 00 00 00                    call    void near GUIrect::moverel( int, int )
 02e2  8b 49 10                          mov     ecx,+10H[ecx]
 02e5  85 c9                             test    ecx,ecx
 02e7  75 ee                             jne     L30
 02e9  5d                L31             pop     ebp
 02ea  5f                                pop     edi
 02eb  5e                                pop     esi
 02ec  59                                pop     ecx
 02ed  c3                                ret     
 02ee  8b c0                             mov     eax,eax
 02f0                    void near GUIrect::bringtofront():
 02f0  53                                push    ebx
 02f1  52                                push    edx
 02f2  89 c3                             mov     ebx,eax
 02f4  83 38 00                          cmp     dword ptr [eax],00000000H
 02f7  74 14                             je      L32
 02f9  83 78 0c 00                       cmp     dword ptr +0cH[eax],00000000H
 02fd  74 0e                             je      L32
 02ff  e8 00 00 00 00                    call    void near GUIrect::unlink()
 0304  89 d8                             mov     eax,ebx
 0306  31 d2                             xor     edx,edx
 0308  e8 00 00 00 00                    call    void near GUIrect::link( GUIrect near * )
 030d  5a                L32             pop     edx
 030e  5b                                pop     ebx
 030f  c3                                ret     
 0310                    void near GUIrect::sendtoback():
 0310  53                                push    ebx
 0311  52                                push    edx
 0312  89 c3                             mov     ebx,eax
 0314  83 38 00                          cmp     dword ptr [eax],00000000H
 0317  74 15                             je      L33
 0319  83 78 10 00                       cmp     dword ptr +10H[eax],00000000H
 031d  74 0f                             je      L33
 031f  e8 00 00 00 00                    call    void near GUIrect::unlink()
 0324  89 d8                             mov     eax,ebx
 0326  8b 53 08                          mov     edx,+8H[ebx]
 0329  e8 00 00 00 00                    call    void near GUIrect::link( GUIrect near * )
 032e  5a                L33             pop     edx
 032f  5b                                pop     ebx
 0330  c3                                ret     
 0331  8d 40 00                          lea     eax,+0H[eax]
 0334                    void near GUIrect::draw( char near * ):
 0334  53                                push    ebx
 0335  51                                push    ecx
 0336  56                                push    esi
 0337  89 d1                             mov     ecx,edx
 0339  8b 58 08                          mov     ebx,+8H[eax]
 033c  85 db                             test    ebx,ebx
 033e  74 11                             je      L35
 0340  8b 73 29          L34             mov     esi,+29H[ebx]
 0343  89 ca                             mov     edx,ecx
 0345  89 d8                             mov     eax,ebx
 0347  ff 56 30                          call    dword ptr +30H[esi]
 034a  8b 5b 0c                          mov     ebx,+0cH[ebx]
 034d  85 db                             test    ebx,ebx
 034f  75 ef                             jne     L34
 0351  5e                L35             pop     esi
 0352  59                                pop     ecx
 0353  5b                                pop     ebx
 0354  c3                                ret     
 0355  8d 40 00                          lea     eax,+0H[eax]
 0358                    int near GUIrect::keyhit( char, char ):
 0358  51                                push    ecx
 0359  56                                push    esi
 035a  83 ec 08                          sub     esp,00000008H
 035d  88 14 24                          mov     [esp],dl
 0360  88 5c 24 04                       mov     +4H[esp],bl
 0364  80 78 14 00                       cmp     byte ptr +14H[eax],00H
 0368  74 34                             je      L38
 036a  8b 48 04                          mov     ecx,+4H[eax]
 036d  85 c9                             test    ecx,ecx
 036f  75 09                             jne     L37
 0371  eb 2b                             jmp     L38
 0373  8b 49 10          L36             mov     ecx,+10H[ecx]
 0376  85 c9                             test    ecx,ecx
 0378  74 24                             je      L38
 037a  80 79 14 00       L37             cmp     byte ptr +14H[ecx],00H
 037e  74 f3                             je      L36
 0380  89 c8                             mov     eax,ecx
 0382  8b 71 29                          mov     esi,+29H[ecx]
 0385  31 db                             xor     ebx,ebx
 0387  31 d2                             xor     edx,edx
 0389  8a 5c 24 04                       mov     bl,+4H[esp]
 038d  8a 14 24                          mov     dl,[esp]
 0390  ff 56 34                          call    dword ptr +34H[esi]
 0393  85 c0                             test    eax,eax
 0395  74 dc                             je      L36
 0397  b8 01 00 00 00                    mov     eax,00000001H
 039c  eb 02                             jmp     L39
 039e  31 c0             L38             xor     eax,eax
 03a0  83 c4 08          L39             add     esp,00000008H
 03a3  5e                                pop     esi
 03a4  59                                pop     ecx
 03a5  c3                                ret     
 03a6  8b c0                             mov     eax,eax
 03a8                    void near GUIrect::losefocus():
 03a8  c6 40 14 00                       mov     byte ptr +14H[eax],00H
 03ac  c3                                ret     
 03ad  8d 40 00                          lea     eax,+0H[eax]
 03b0                    void near GUIrect::receivefocus():
 03b0  53                                push    ebx
 03b1  52                                push    edx
 03b2  89 c2                             mov     edx,eax
 03b4  8b 58 29                          mov     ebx,+29H[eax]
 03b7  ff 53 14                          call    dword ptr +14H[ebx]
 03ba  8b 1a                             mov     ebx,[edx]
 03bc  88 42 14                          mov     +14H[edx],al
 03bf  85 db                             test    ebx,ebx
 03c1  74 03                             je      L40
 03c3  89 53 15                          mov     +15H[ebx],edx
 03c6  5a                L40             pop     edx
 03c7  5b                                pop     ebx
 03c8  c3                                ret     
 03c9  8d 40 00                          lea     eax,+0H[eax]
 03cc                    int near GUIrect::setfocus( GUIrect near * ):
 03cc  53                                push    ebx
 03cd  52                                push    edx
 03ce  89 c2                             mov     edx,eax
 03d0  85 c0                             test    eax,eax
 03d2  74 48                             je      L48
 03d4  a1 00 00 00 00                    mov     eax,ROOT near * near root
 03d9  8b 58 29                          mov     ebx,+29H[eax]
 03dc  ff 53 20                          call    dword ptr +20H[ebx]
 03df  85 d2                             test    edx,edx
 03e1  75 08                             jne     L42
 03e3  eb 18                             jmp     L44
 03e5  8b 12             L41             mov     edx,[edx]
 03e7  85 d2                             test    edx,edx
 03e9  74 12                             je      L44
 03eb  8b 5a 29          L42             mov     ebx,+29H[edx]
 03ee  89 d0                             mov     eax,edx
 03f0  ff 53 14                          call    dword ptr +14H[ebx]
 03f3  85 c0                             test    eax,eax
 03f5  75 06                             jne     L44
 03f7  eb ec                             jmp     L41
 03f9  89 da             L43             mov     edx,ebx
 03fb  eb 02                             jmp     L45
 03fd  31 c0             L44             xor     eax,eax
 03ff  85 d2             L45             test    edx,edx
 0401  74 13                             je      L47
 0403  8b 5a 15                          mov     ebx,+15H[edx]
 0406  39 d8                             cmp     eax,ebx
 0408  75 ef                             jne     L43
 040a  eb 0a                             jmp     L47
 040c  8b 5a 29          L46             mov     ebx,+29H[edx]
 040f  89 d0                             mov     eax,edx
 0411  ff 53 18                          call    dword ptr +18H[ebx]
 0414  8b 12                             mov     edx,[edx]
 0416  85 d2             L47             test    edx,edx
 0418  75 f2                             jne     L46
 041a  31 c0                             xor     eax,eax
 041c  5a                L48             pop     edx
 041d  5b                                pop     ebx
 041e  c3                                ret     
 041f  90                                nop     
 0420                    void near GUIrect::losechildfocus():
 0420  53                                push    ebx
 0421  52                                push    edx
 0422  89 c2                             mov     edx,eax
 0424  80 78 14 00                       cmp     byte ptr +14H[eax],00H
 0428  74 1e                             je      L50
 042a  8b 5a 29                          mov     ebx,+29H[edx]
 042d  89 d0                             mov     eax,edx
 042f  ff 53 1c                          call    dword ptr +1cH[ebx]
 0432  8b 52 04                          mov     edx,+4H[edx]
 0435  85 d2                             test    edx,edx
 0437  74 0f                             je      L50
 0439  8b 5a 29          L49             mov     ebx,+29H[edx]
 043c  89 d0                             mov     eax,edx
 043e  ff 53 20                          call    dword ptr +20H[ebx]
 0441  8b 52 10                          mov     edx,+10H[edx]
 0444  85 d2                             test    edx,edx
 0446  75 f1                             jne     L49
 0448  5a                L50             pop     edx
 0449  5b                                pop     ebx
 044a  c3                                ret     
 044b  90                                nop     
 044c                    void near GUIrect::cyclefocus( int ):
 044c  53                                push    ebx
 044d  51                                push    ecx
 044e  56                                push    esi
 044f  89 c3                             mov     ebx,eax
 0451  89 d6                             mov     esi,edx
 0453  8b 50 04                          mov     edx,+4H[eax]
 0456  85 d2                             test    edx,edx
 0458  74 52                             je      L59
 045a  74 0f                             je      L52
 045c  8b 4a 29          L51             mov     ecx,+29H[edx]
 045f  89 d0                             mov     eax,edx
 0461  ff 51 20                          call    dword ptr +20H[ecx]
 0464  8b 52 10                          mov     edx,+10H[edx]
 0467  85 d2                             test    edx,edx
 0469  75 f1                             jne     L51
 046b  8b 53 15          L52             mov     edx,+15H[ebx]
 046e  85 f6             L53             test    esi,esi
 0470  75 0e                             jne     L55
 0472  85 d2                             test    edx,edx
 0474  74 05                             je      L54
 0476  8b 52 0c                          mov     edx,+0cH[edx]
 0479  eb 11                             jmp     L57
 047b  8b 53 08          L54             mov     edx,+8H[ebx]
 047e  eb 0c                             jmp     L57
 0480  85 d2             L55             test    edx,edx
 0482  74 05                             je      L56
 0484  8b 52 10                          mov     edx,+10H[edx]
 0487  eb 03                             jmp     L57
 0489  8b 53 04          L56             mov     edx,+4H[ebx]
 048c  85 d2             L57             test    edx,edx
 048e  74 17                             je      L58
 0490  8b 4a 29                          mov     ecx,+29H[edx]
 0493  89 d0                             mov     eax,edx
 0495  ff 51 14                          call    dword ptr +14H[ecx]
 0498  85 c0                             test    eax,eax
 049a  74 0b                             je      L58
 049c  89 d0                             mov     eax,edx
 049e  e8 00 00 00 00                    call    int near GUIrect::setfocus( GUIrect near * )
 04a3  5e                                pop     esi
 04a4  59                                pop     ecx
 04a5  5b                                pop     ebx
 04a6  c3                                ret     
 04a7  3b 53 15          L58             cmp     edx,+15H[ebx]
 04aa  75 c2                             jne     L53
 04ac  5e                L59             pop     esi
 04ad  59                                pop     ecx
 04ae  5b                                pop     ebx
 04af  c3                                ret     
 04b0                    void near GUIrect::fill( char ):
 04b0  53                                push    ebx
 04b1  51                                push    ecx
 04b2  56                                push    esi
 04b3  88 d3                             mov     bl,dl
 04b5  8b 15 00 00 00 00                 mov     edx,config near * near cfg
 04bb  42                                inc     edx
 04bc  8a 52 70                          mov     dl,+70H[edx]
 04bf  84 d2                             test    dl,dl
 04c1  74 28                             je      L60
 04c3  8b 50 25                          mov     edx,+25H[eax]
 04c6  8b 48 1d                          mov     ecx,+1dH[eax]
 04c9  29 ca                             sub     edx,ecx
 04cb  8b 70 19                          mov     esi,+19H[eax]
 04ce  52                                push    edx
 04cf  8b 50 21                          mov     edx,+21H[eax]
 04d2  29 f2                             sub     edx,esi
 04d4  52                                push    edx
 04d5  51                                push    ecx
 04d6  31 c0                             xor     eax,eax
 04d8  56                                push    esi
 04d9  88 d8                             mov     al,bl
 04db  50                                push    eax
 04dc  8b 1d 00 00 00 00                 mov     ebx,char near * near screen
 04e2  53                                push    ebx
 04e3  e8 00 00 00 00                    call    _drawrect
 04e8  83 c4 18                          add     esp,00000018H
 04eb  5e                L60             pop     esi
 04ec  59                                pop     ecx
 04ed  5b                                pop     ebx
 04ee  c3                                ret     
 04ef  90                                nop     
 04f0                    void near GUIrect::outline( char ):
 04f0  53                                push    ebx
 04f1  51                                push    ecx
 04f2  8b 58 25                          mov     ebx,+25H[eax]
 04f5  53                                push    ebx
 04f6  8b 48 21                          mov     ecx,+21H[eax]
 04f9  51                                push    ecx
 04fa  8b 58 19                          mov     ebx,+19H[eax]
 04fd  8b 48 1d                          mov     ecx,+1dH[eax]
 0500  a1 00 00 00 00                    mov     eax,char near * near screen
 0505  81 e2 ff 00 00 00                 and     edx,000000ffH
 050b  e8 00 00 00 00                    call    void near drawbox( char near *, int, int, int, int, int )
 0510  59                                pop     ecx
 0511  5b                                pop     ebx
 0512  c3                                ret     
 0513  90                                nop     
 0514                    near GUIroot::GUIroot( ROOT near * ):
 0514  53                                push    ebx
 0515  51                                push    ecx
 0516  56                                push    esi
 0517  89 c6                             mov     esi,eax
 0519  8b 42 25                          mov     eax,+25H[edx]
 051c  2b 42 1d                          sub     eax,+1dH[edx]
 051f  8b 4a 19                          mov     ecx,+19H[edx]
 0522  50                                push    eax
 0523  8b 42 21                          mov     eax,+21H[edx]
 0526  29 c8                             sub     eax,ecx
 0528  31 db                             xor     ebx,ebx
 052a  50                                push    eax
 052b  31 c9                             xor     ecx,ecx
 052d  89 f0                             mov     eax,esi
 052f  e8 00 00 00 00                    call    near GUIrect::GUIrect( GUIrect near *, int, int, int, int )
 0534  a3 00 00 00 00                    mov     GUIroot near * near guiroot,eax
 0539  c7 40 29 00 00 00 
       00                                mov     dword ptr +29H[eax],offset void (near * const near __vftbl[])()
 0540  5e                                pop     esi
 0541  59                                pop     ecx
 0542  5b                                pop     ebx
 0543  c3                                ret     
 0544                    near GUIroot::~GUIroot():
 0544  53                                push    ebx
 0545  51                                push    ecx
 0546  89 c3                             mov     ebx,eax
 0548  89 d1                             mov     ecx,edx
 054a  f6 c1 04                          test    cl,04H
 054d  74 14                             je      L61
 054f  ba 00 00 00 00                    mov     edx,offset char unsigned const near __typesig[]
 0554  e8 00 00 00 00                    call    __wcpp_2_dtor_array_store__
 0559  e8 00 00 00 00                    call    void near operator delete []( void near * )
 055e  89 d8                             mov     eax,ebx
 0560  59                                pop     ecx
 0561  5b                                pop     ebx
 0562  c3                                ret     
 0563  31 d2             L61             xor     edx,edx
 0565  89 15 00 00 00 00                 mov     GUIroot near * near guiroot,edx
 056b  ba 01 00 00 00                    mov     edx,00000001H
 0570  c7 40 29 00 00 00 
       00                                mov     dword ptr +29H[eax],offset void (near * const near __vftbl[])()
 0577  e8 00 00 00 00                    call    near GUIrect::~GUIrect()
 057c  89 c3                             mov     ebx,eax
 057e  f6 c1 02                          test    cl,02H
 0581  74 05                             je      L62
 0583  e8 00 00 00 00                    call    void near operator delete( void near * )
 0588  89 d8             L62             mov     eax,ebx
 058a  59                                pop     ecx
 058b  5b                                pop     ebx
 058c  c3                                ret     
 058d  8d 40 00                          lea     eax,+0H[eax]
 0590                    int near GUIroot::keyhit( char, char ):
 0590  51                                push    ecx
 0591  f6 05 00 00 00 00 
       02                                test    byte ptr char volatile near kbstat,02H
 0598  74 17                             je      L63
 059a  31 c9                             xor     ecx,ecx
 059c  88 d1                             mov     cl,dl
 059e  83 f9 0f                          cmp     ecx,0000000fH
 05a1  75 0e                             jne     L63
 05a3  31 d2                             xor     edx,edx
 05a5  e8 00 00 00 00                    call    void near GUIrect::cyclefocus( int )
 05aa  b8 01 00 00 00                    mov     eax,00000001H
 05af  59                                pop     ecx
 05b0  c3                                ret     
 05b1  81 e3 ff 00 00 00 L63             and     ebx,000000ffH
 05b7  81 e2 ff 00 00 00                 and     edx,000000ffH
 05bd  e8 00 00 00 00                    call    int near GUIrect::keyhit( char, char )
 05c2  59                                pop     ecx
 05c3  c3                                ret     

No disassembly errors

------------------------------------------------------------

Segment: CONST  DWORD USE32  00000010 bytes  
 0000  67 75 69 72 65 63 74 00 L64             - guirect.
 0008  67 75 69 72 6f 6f 74 00 L65             - guiroot.

No disassembly errors

------------------------------------------------------------

Segment: _DATA  DWORD USE32  00000008 bytes  
 0000                          int near GUIdefx LABEL BYTE
 0000  32 00 00 00                             - 2...
 0004                          int near GUIdefy LABEL BYTE
 0004  32 00 00 00                             - 2...

No disassembly errors

------------------------------------------------------------

Segment: _BSS  DWORD USE32  00000004 bytes  

No disassembly errors

------------------------------------------------------------

Comdat: void near GUIrect::refresh( int, void near * )  SEGMENT ANY '_TEXT'  00000004 bytes  
 0000  c3                                ret     
 0001  8d 40 00                          lea     eax,+0H[eax]

No disassembly errors

------------------------------------------------------------

Comdat: int near GUIrect::acceptfocus()  SEGMENT ANY '_TEXT'  00000004 bytes  
 0000  31 c0                             xor     eax,eax
 0002  c3                                ret     
 0003  90                                nop     

No disassembly errors

------------------------------------------------------------

Comdat: GUIrect near * near GUIrect::click( mouse near & )  SEGMENT ANY '_TEXT'  00000004 bytes  
 0000  31 c0                             xor     eax,eax
 0002  c3                                ret     
 0003  90                                nop     

No disassembly errors

------------------------------------------------------------

Comdat: int near GUIrect::release( mouse near & )  SEGMENT ANY '_TEXT'  00000008 bytes  
 0000  b8 01 00 00 00                    mov     eax,00000001H
 0005  c3                                ret     
 0006  8b c0                             mov     eax,eax

No disassembly errors

------------------------------------------------------------

Comdat: int near GUIrect::drag( mouse near & )  SEGMENT ANY '_TEXT'  00000004 bytes  
 0000  31 c0                             xor     eax,eax
 0002  c3                                ret     
 0003  90                                nop     

No disassembly errors

------------------------------------------------------------

Comdat: char near * near GUIrect::getname()  SEGMENT ANY '_TEXT'  00000008 bytes  
 0000  b8 00 00 00 00                    mov     eax,offset L64
 0005  c3                                ret     
 0006  8b c0                             mov     eax,eax

No disassembly errors

------------------------------------------------------------

Comdat: int near GUIrect::sendmessage( GUIrect near *, int )  SEGMENT ANY '_TEXT'  00000008 bytes  
 0000  b8 01 00 00 00                    mov     eax,00000001H
 0005  c3                                ret     
 0006  8b c0                             mov     eax,eax

No disassembly errors

------------------------------------------------------------

Comdat: void near GUIroot::refresh( int, void near * )  SEGMENT ANY '_TEXT'  00000028 bytes  
 0000  51                                push    ecx
 0001  56                                push    esi
 0002  57                                push    edi
 0003  55                                push    ebp
 0004  89 d6                             mov     esi,edx
 0006  89 df                             mov     edi,ebx
 0008  8b 48 04                          mov     ecx,+4H[eax]
 000b  85 c9                             test    ecx,ecx
 000d  74 13                             je      L67
 000f  89 fb             L66             mov     ebx,edi
 0011  8b 69 29                          mov     ebp,+29H[ecx]
 0014  89 f2                             mov     edx,esi
 0016  89 c8                             mov     eax,ecx
 0018  ff 55 10                          call    dword ptr +10H[ebp]
 001b  8b 49 10                          mov     ecx,+10H[ecx]
 001e  85 c9                             test    ecx,ecx
 0020  75 ed                             jne     L66
 0022  5d                L67             pop     ebp
 0023  5f                                pop     edi
 0024  5e                                pop     esi
 0025  59                                pop     ecx
 0026  c3                                ret     
 0027  90                                nop     

No disassembly errors

------------------------------------------------------------

Comdat: int near GUIroot::acceptfocus()  SEGMENT ANY '_TEXT'  00000008 bytes  
 0000  b8 01 00 00 00                    mov     eax,00000001H
 0005  c3                                ret     
 0006  8b c0                             mov     eax,eax

No disassembly errors

------------------------------------------------------------

Comdat: void near GUIroot::losefocus()  SEGMENT ANY '_TEXT'  00000004 bytes  
 0000  c3                                ret     
 0001  8d 40 00                          lea     eax,+0H[eax]

No disassembly errors

------------------------------------------------------------

Comdat: char near * near GUIroot::getname()  SEGMENT ANY '_TEXT'  00000006 bytes  
 0000  b8 08 00 00 00                    mov     eax,offset L65
 0005  c3                                ret     

No disassembly errors

------------------------------------------------------------

Comdat: void (near * const near __vftbl[])()  SEGMENT ANY 'DGROUP:CONST2'  00000040 bytes  
 0000  00 00 00 00                             DD      near GUIrect::~GUIrect()
 0004  00 00 00 00                             DD      GUIrect near * near GUIrect::hittest( int, int )
 0008  00 00 00 00                             DD      void near GUIrect::bringtofront()
 000c  00 00 00 00                             DD      void near GUIrect::sendtoback()
 0010  00 00 00 00                             DD      void near GUIrect::refresh( int, void near * )
 0014  00 00 00 00                             DD      int near GUIrect::acceptfocus()
 0018  00 00 00 00                             DD      void near GUIrect::receivefocus()
 001c  00 00 00 00                             DD      void near GUIrect::losefocus()
 0020  00 00 00 00                             DD      void near GUIrect::losechildfocus()
 0024  00 00 00 00                             DD      GUIrect near * near GUIrect::click( mouse near & )
 0028  00 00 00 00                             DD      int near GUIrect::release( mouse near & )
 002c  00 00 00 00                             DD      int near GUIrect::drag( mouse near & )
 0030  00 00 00 00                             DD      void near GUIrect::draw( char near * )
 0034  00 00 00 00                             DD      int near GUIrect::keyhit( char, char )
 0038  00 00 00 00                             DD      char near * near GUIrect::getname()
 003c  00 00 00 00                             DD      int near GUIrect::sendmessage( GUIrect near *, int )

No disassembly errors

------------------------------------------------------------

Comdat: void (near * const near __vftbl[])()  SEGMENT ANY 'DGROUP:CONST2'  00000040 bytes  
 0000  00 00 00 00                             DD      near GUIroot::~GUIroot()
 0004  00 00 00 00                             DD      GUIrect near * near GUIrect::hittest( int, int )
 0008  00 00 00 00                             DD      void near GUIrect::bringtofront()
 000c  00 00 00 00                             DD      void near GUIrect::sendtoback()
 0010  00 00 00 00                             DD      void near GUIroot::refresh( int, void near * )
 0014  00 00 00 00                             DD      int near GUIroot::acceptfocus()
 0018  00 00 00 00                             DD      void near GUIrect::receivefocus()
 001c  00 00 00 00                             DD      void near GUIroot::losefocus()
 0020  00 00 00 00                             DD      void near GUIrect::losechildfocus()
 0024  00 00 00 00                             DD      GUIrect near * near GUIrect::click( mouse near & )
 0028  00 00 00 00                             DD      int near GUIrect::release( mouse near & )
 002c  00 00 00 00                             DD      int near GUIrect::drag( mouse near & )
 0030  00 00 00 00                             DD      void near GUIrect::draw( char near * )
 0034  00 00 00 00                             DD      int near GUIroot::keyhit( char, char )
 0038  00 00 00 00                             DD      char near * near GUIroot::getname()
 003c  00 00 00 00                             DD      int near GUIrect::sendmessage( GUIrect near *, int )

No disassembly errors

------------------------------------------------------------

Comdat: char unsigned const near __typesig[]  SEGMENT ANY 'DGROUP:CONST2'  00000011 bytes  
 0000  00 00 00 00 00                          - .....
 0005  00 00 00 00                             DD      near GUIrect::GUIrect( GUIrect const near & )
 0009  00 00 00 00                             DD      near GUIrect::~GUIrect()
 000d  2d 00 00 00                             - -...

No disassembly errors

------------------------------------------------------------

Comdat: char unsigned const near __typesig[]  SEGMENT ANY 'DGROUP:CONST2'  00000011 bytes  
 0000  00 00 00 00 00                          - .....
 0005  00 00 00 00                             DD      near GUIroot::GUIroot( GUIroot const near & )
 0009  00 00 00 00                             DD      near GUIroot::~GUIroot()
 000d  2d 00 00 00                             - -...

No disassembly errors

------------------------------------------------------------
