Turbo Assembler	 Version 3.2	    03/07/97 23:38:09	    Page 1
r2imgasm.ASM



      1							 .486
      2	00000000					 .MODEL	 flat
      3							 LOCALS
      4
      5	00000000					 .DATA
      6							 EXTRN _PITCH:DWORD,_SCREENX:DWORD,_SCREENY:DWORD
      7
      8	00000000			 IMG STRUC
      9	00000000  01*(00000002)		   type	 dd 2
*Warning* r2imgasm.ASM(9) Reserved word	used as	symbol:	TYPE
     10	00000004  01*(????????)		   size	 dd ?
*Warning* r2imgasm.ASM(10) Reserved word used as symbol: SIZE
     11	00000008  01*(????????)		   xw	 dd ?
     12	0000000C  01*(????????)		   yw	 dd ?
     13	00000010			 IMG ENDS
     14
     15
     16	00000000					 .CODE
     17							 PUBLIC	 _drawimager2,_loadpalette,_drawrect,_drawrectmap
     18							 PUBLIC	 _drawhline,_drawvline,_drawscr
     19
     20
     21	00000000			 _loadpalette	 PROC	 NEAR
     22							 ARG	 @@PAL:DWORD,@@FIRST:DWORD,@@CNT:DWORD
     23
     24	00000000  55					 push	 ebp
     25	00000001  8B EC					 mov	 ebp,esp
     26	00000003  56					 push	 esi
     27
     28	00000004  8B 75	08				 mov	 esi,@@PAL
     29	00000007  8B 45	0C				 mov	 eax,@@FIRST
     30	0000000A  8B 4D	10				 mov	 ecx,@@CNT
     31	0000000D  8D 0C	49				 lea	 ecx,[ecx+ecx*2] ;;ecx=CNT*3
     32
     33	00000010  BA 000003C8				 mov	 edx,3C8h
     34	00000015  EE					 out	 dx,al	 ;Set first
     35
     36	00000016  FC					 cld
     37	00000017  66| 42				 inc	 dx
     38
     39							 ;set palette
     40	00000019  F3> 6E				 rep	 outsb
     41
     42	0000001B  5E					 pop	 esi
     43	0000001C  5D					 pop	 ebp
     44	0000001D  C3					 ret
     45	0000001E			 _loadpalette	 ENDP
     46
     47
     48
     49					 ;void drawimager2(IMG *src,char *dest,int x,int y,int o)
     50	0000001E			 _drawimager2	 PROC
     51						 ARG @@SRC,@@DEST,@@X,@@Y,@@O
     52
     53	0000001E  55				 push	 ebp
     54	0000001F  8B EC				 mov	 ebp,esp
     55	00000021  53				 push	 ebx
Turbo Assembler	 Version 3.2	    03/07/97 23:38:09	    Page 2
r2imgasm.ASM



     56	00000022  56				 push	 esi
     57	00000023  57				 push	 edi
     58
     59	00000024  8B 75	08			 mov	 esi,[@@SRC]  ;source IMG
     60	00000027  8B 7D	0C			 mov	 edi,[@@DEST] ;dest
     61	0000002A  85 F6				 test	 esi,esi
     62	0000002C  74 65	90 90 90 90		 jz	 @@DONE
     63
     64					 ;do clip testing
     65	00000032  33 C0				 xor	 eax,eax
     66	00000034  8B 4D	10			 mov	 ecx,@@X
     67	00000037  8B 55	14			 mov	 edx,@@Y
     68	0000003A  03 4E	08			 add	 ecx,[esi.xw] ;right extent of image
     69	0000003D  03 56	0C			 add	 edx,[esi.yw] ;bottom extent of	image
     70
     71
     72	00000040  39 45	10			 cmp	 [@@X],eax    ;left clip
     73	00000043  7C 53	90 90 90 90		 jl	 drawimager2clip
     74	00000049  39 0D	00000000e		 cmp	 [_SCREENX],ecx	;right clip
     75	0000004F  7C 47	90 90 90 90		 jl	 drawimager2clip
     76	00000055  39 45	14			 cmp	 [@@Y],eax	;top clip
     77	00000058  7C 3E	90 90 90 90		 jl	 drawimager2clip
     78	0000005E  39 15	00000000e		 cmp	 [_SCREENY],edx	;bottom	clip
     79	00000064  7C 32	90 90 90 90		 jl	 drawimager2clip
     80
     81						 ;point	to memory for dest
     82	0000006A  A1 00000000e			 mov	 eax,_PITCH
     83	0000006F  F7 65	14			 mul	 @@Y
     84	00000072  03 45	10			 add	 eax,@@X
     85	00000075  03 F8				 add	 edi,eax
     86
     87						 ;test x flip
     88	00000077  F7 45	18 00000002		 test	 [@@O],2
     89	0000007E  75 0E	90 90 90 90		 jnz	 @@XFLIP
     90	00000084  E8 000000B0			 call	 drawr2
     91	00000089  EB 08	90 90 90		 jmp	 @@DONE
     92	0000008E  E8 00000111		 @@XFLIP:call	 drawr2_xflip
     93
     94	00000093			 @@DONE:
     95	00000093  5F				 pop	 edi
     96	00000094  5E				 pop	 esi
     97	00000095  5B				 pop	 ebx
     98	00000096  5D				 pop	 ebp
     99	00000097  C3				 ret
    100	00000098			 _drawimager2	 ENDP
    101
    102
    103					 ;image	drawing	prep function
    104					 ;determines clipping values and calls clip core function
    105	00000098			 drawimager2clip PROC
    106						 ARG @@SRC,@@DEST,@@X,@@Y,@@O
    107	00000098  33 DB				 xor	 ebx,ebx
    108
    109					 ;top clip
    110	0000009A  33 C0				 xor	 eax,eax
    111	0000009C  39 45	14			 cmp	 [@@Y],eax
    112	0000009F  7F 12	90 90 90 90		 jg	 @@NOTOP
Turbo Assembler	 Version 3.2	    03/07/97 23:38:09	    Page 3
r2imgasm.ASM



    113	000000A5  3B D0				 cmp	 edx,eax ;top edge is <0
    114	000000A7  0F 8E	00000084		 jle	 @@DONE
    115
    116	000000AD  2B 45	14			 sub	 eax,@@Y ;ystart=0-Y
    117	000000B0  89 5D	14			 mov	 @@Y,ebx ;Y=0
    118	000000B3  50			 @@NOTOP:  push	 eax  ;store YSTART
    119
    120					 ;bottom clip
    121	000000B4  8B 46	0C			 mov	 eax,[esi.yw]
    122	000000B7  2B 15	00000000e		 sub	 edx,[_SCREENY]
    123	000000BD  7E 0C	90 90 90 90		 jle	 @@NOBOTTOM
    124
    125	000000C3  2B C2				 sub	 eax,edx ;ylen=SCREENY-Y
    126	000000C5  7E 6A	90 90 90 90		 jle	 @@DONE
    127	000000CB			 @@NOBOTTOM:
    128	000000CB  2B 04	24			 sub	 eax,[esp] ;ylen-=ystart
    129	000000CE  50				 push	 eax  ;store YLEN
    130
    131
    132					 ;left clip
    133	000000CF  33 C0				 xor	 eax,eax
    134	000000D1  39 45	10			 cmp	 [@@X],eax
    135	000000D4  7F 12	90 90 90 90		 jg	 @@NOLEFT
    136	000000DA  3B C8				 cmp	 ecx,eax ;right	edge is	<0
    137	000000DC  7E 53	90 90 90 90		 jle	 @@DONE
    138
    139	000000E2  2B 45	10			 sub	 eax,@@X   ;xstart=0-X
    140	000000E5  89 5D	10			 mov	 [@@X],ebx ;X=0
    141
    142	000000E8  50			 @@NOLEFT: push	   eax ;store XSTART
    143
    144					 ;right	clip
    145	000000E9  8B 46	08			 mov	 eax,[esi.xw]
    146	000000EC  2B 0D	00000000e		 sub	 ecx,[_SCREENX]
    147	000000F2  7E 0C	90 90 90 90		 jle	 @@NORIGHT
    148	000000F8  2B C1				 sub	 eax,ecx
    149	000000FA  7E 35	90 90 90 90		 jle	 @@DONE
    150	00000100			 @@NORIGHT:
    151	00000100  2B 04	24			 sub	 eax,[esp] ;xlen-=xstart
    152	00000103  50				 push	 eax  ;store XLEN
    153
    154	00000104  FF 75	18			 push  @@O
    155
    156						 ;point	to memory for dest
    157	00000107  A1 00000000e			 mov	 eax,_PITCH
    158	0000010C  50				 push	 eax
    159	0000010D  F7 65	14			 mul	 @@Y
    160	00000110  03 45	10			 add	 eax,@@X
    161	00000113  03 F8				 add	 edi,eax
    162
    163						 ;test x flip
    164	00000115  F7 45	18 00000002		 test	 [@@O],2
    165	0000011C  75 0E	90 90 90 90		 jnz	 @@XFLIP
    166	00000122  E8 00000119			 call	 drawr2_xyclip
    167	00000127  EB 08	90 90 90		 jmp	 @@DONE
    168	0000012C  E8 000001D8		 @@XFLIP:call	 drawr2_xyclip_xflip
    169
Turbo Assembler	 Version 3.2	    03/07/97 23:38:09	    Page 4
r2imgasm.ASM



    170
    171	00000131  8D 65	F4		 @@DONE: lea	 esp,[ebp-3*4]
    172	00000134  5F				 pop	 edi
    173	00000135  5E				 pop	 esi
    174	00000136  5B				 pop	 ebx
    175	00000137  5D				 pop	 ebp
    176	00000138  C3				 ret
    177
    178	00000139			 drawimager2clip ENDP
    179
    180
    181
    182					 ;-------------------------------------------------
    183					 ;core image drawing routine
    184					 ;no clipping
    185					 ;y flipping
    186	00000139			 drawr2	 PROC
    187						 ARG @@SRC,@@DEST,@@X,@@Y,@@O
    188
    189						 ;negate diskip	if yflip
    190	00000139  8B 45	18			 mov	 eax,@@O
    191	0000013C  8B 2D	00000000e		 mov	 ebp,_PITCH
    192	00000142  A9 00000001			 test	 eax,1b	   ;yflip
    193	00000147  74 0E	90 90 90 90		 jz	 @@NOYFLIP
    194	0000014D  8B 46	0C			 mov	 eax,[esi.yw]  ;ywidth
    195	00000150  48				 dec eax
    196	00000151  F7 E5				 mul	 ebp
    197	00000153  03 F8				 add	 edi,eax    ;point to last scanline
    198	00000155  F7 DD				 neg	 ebp
    199	00000157			 @@NOYFLIP:
    200
    201						 ;get image dimensions
    202	00000157  8B 5E	08			 mov	 ebx,[esi.xw]	;xwidth
    203	0000015A  8B 56	0C			 mov	 edx,[esi.yw] ;ywidth
    204
    205
    206	0000015D  2B EB				 sub	 ebp,ebx    ;ebp=diskip
    207
    208	0000015F  33 C0				 xor	 eax,eax
    209	00000161  33 C9				 xor	 ecx,ecx
    210
    211						 ;point	to data
    212	00000163  8D 74	96 10			 lea	 esi,[esi+edx*4+16]
    213
    214	00000167			 @@YLOOP:
    215	00000167  53				 push	 ebx  ;save xwidth
    216	00000168			 @@XLOOP:
    217
    218						 ;transparent
    219	00000168  8A 06				 mov	 al,[esi]
    220	0000016A  46				 inc	 esi
    221	0000016B  03 F8				 add	 edi,eax
    222	0000016D  2B D8				 sub	 ebx,eax
    223	0000016F  7E 2A	90 90 90 90		 jle	 @@DONELINE
    224
    225						 ;opaque
    226	00000175  8A 06				 mov	 al,[esi]
Turbo Assembler	 Version 3.2	    03/07/97 23:38:09	    Page 5
r2imgasm.ASM



    227	00000177  46				 inc	 esi
    228	00000178  33 C9				 xor	 ecx,ecx
    229	0000017A  2B D8				 sub	 ebx,eax
    230					 ;---------------------------------
    231					 ;copy forward esi->edi, eax bytes ecx=0
    232	0000017C  2B CF					 sub	 ecx,edi  ;amount to pre-copy
    233	0000017E  83 E1	03				 and	 ecx, 3
    234	00000181  2B C1					 sub	 eax, ecx
    235	00000183  7E 0C					 jle	 short @@ENDCOPY
    236	00000185  F3> A4				rep movsb
    237	00000187  8B C8					 mov	 ecx, eax ;main	copy
    238	00000189  83 E0	03				 and	 eax, 3
    239	0000018C  C1 E9	02				 shr	 ecx, 2
    240	0000018F  F3> A5				rep movsd
    241	00000191  03 C8			 @@ENDCOPY:	 add	 ecx, eax  ;end	copy
    242	00000193  33 C0					 xor	 eax,eax
    243	00000195  F3> A4				rep movsb
    244					 ;done copy
    245					 ;--------------------------------
    246
    247	00000197  85 DB				 test	 ebx,ebx
    248	00000199  7F CD				 jg	 @@XLOOP
    249
    250	0000019B			 @@DONELINE:
    251	0000019B  5B				 pop	 ebx ;restore xwidth
    252
    253	0000019C  03 FD				 add	 edi,ebp ;position to next line
    254
    255	0000019E  4A				 dec	 edx
    256	0000019F  75 C6				 jnz	 @@YLOOP
    257
    258	000001A1  C3				 ret
    259
    260	000001A2  5B			 @@DONE: pop ebx
    261	000001A3  C3				 ret
    262	000001A4			 drawr2	 ENDP
    263
    264
    265
    266
    267					 ;core image drawing routine
    268					 ;no clipping
    269					 ;y flipping
    270	000001A4			 drawr2_xflip  PROC
    271						 ARG @@SRC,@@DEST,@@X,@@Y,@@O
    272
    273
    274						 ;negate diskip	if yflip
    275	000001A4  8B 45	18			 mov	 eax,@@O
    276	000001A7  8B 2D	00000000e		 mov	 ebp,_PITCH
    277	000001AD  A9 00000001			 test	 eax,1b	   ;yflip
    278	000001B2  74 0E	90 90 90 90		 jz	 @@NOYFLIP
    279	000001B8  8B 46	0C			 mov	 eax,[esi.yw]  ;ywidth
    280	000001BB  48				 dec eax
    281	000001BC  F7 E5				 mul	 ebp
    282	000001BE  03 F8				 add	 edi,eax    ;point to last scanline
    283	000001C0  F7 DD				 neg	 ebp
Turbo Assembler	 Version 3.2	    03/07/97 23:38:09	    Page 6
r2imgasm.ASM



    284	000001C2			 @@NOYFLIP:
    285
    286						 ;get image dimensions
    287	000001C2  8B 5E	08			 mov	 ebx,[esi.xw]	;xwidth
    288	000001C5  8B 56	0C			 mov	 edx,[esi.yw] ;ywidth
    289						 ;point	to data
    290	000001C8  8D 74	96 10			 lea	 esi,[esi+edx*4+16]
    291
    292	000001CC  03 EB				 add	 ebp,ebx    ;ebp=diskip	(add cause we're flipped)
    293
    294	000001CE  03 FB				 add	 edi,ebx    ;point to end of scanline to copy leftwards
    295
    296	000001D0  33 C0				 xor	 eax,eax
    297	000001D2  33 C9				 xor	 ecx,ecx
    298
    299	000001D4			 @@YLOOP:
    300	000001D4  53				 push	 ebx  ;save xwidth
    301	000001D5			 @@XLOOP:
    302
    303						 ;transparent
    304	000001D5  8A 06				 mov	 al,[esi]
    305	000001D7  46				 inc	 esi
    306	000001D8  2B F8				 sub	 edi,eax
    307	000001DA  2B D8				 sub	 ebx,eax
    308	000001DC  7E 59	90 90 90 90		 jle	 @@DONELINE
    309
    310						 ;opaque
    311	000001E2  8A 06				 mov	 al,[esi]
    312	000001E4  46				 inc	 esi
    313	000001E5  2B D8				 sub	 ebx,eax
    314
    315						 ;copy backward	esi->edi, ecx bytes
    316					 ;@@COPY: dec	  edi
    317					 ;	  mov	  al,[esi]
    318					 ;	  inc	  esi
    319					 ;	  mov	  [edi],al
    320					 ;	  dec	  ecx
    321					 ;	  jnz	   @@COPY
    322
    323
    324					 ;;;backwards memory copy! esi->~edi ecx=count
    325					  ;;precopy
    326	000001E7  8B CF					 mov	 ecx,edi
    327	000001E9  83 E1	03				 and	 ecx, 3
    328	000001EC  74 13	90 90 90 90			 jz	 @@NOC1
    329	000001F2  2B C1					 sub	 eax, ecx
    330	000001F4  7E 2A					 jle	 short @@LEndBytes
    331	000001F6  50					 push  eax
    332	000001F7  4F			 @@C1:		 dec   edi
    333	000001F8  8A 06					 mov   al,[esi]	      ;	rep movsb
    334	000001FA  46					 inc   esi
    335	000001FB  88 07					 mov   [edi],al
    336	000001FD  49					 dec   ecx
    337	000001FE  7F F7					 jg   @@C1
    338	00000200  58					 pop   eax
    339					  ;;copy
    340	00000201  8B C8			 @@NOC1:	 mov	 ecx, eax
Turbo Assembler	 Version 3.2	    03/07/97 23:38:09	    Page 7
r2imgasm.ASM



    341	00000203  83 E0	03				 and	 eax, 3
    342	00000206  C1 E9	02				 shr	 ecx, 2
    343
    344	00000209  74 15	90 90 90 90			 jz @@LEndBytes	;rep movsd
    345	0000020F  50					 push eax
    346	00000210  83 EF	04		 @@COPY:	 sub  edi,4
    347	00000213  8B 06					 mov  eax,[esi]
    348	00000215  83 C6	04				 add  esi,4
    349	00000218  0F C8					 bswap eax
    350	0000021A  49					 dec  ecx
    351	0000021B  89 07					 mov  [edi],eax
    352	0000021D  75 F1					 jnz  @@COPY
    353	0000021F  58					 pop eax
    354					  ;;postcopy
    355	00000220  03 C8			 @@LEndBytes:	 add	 ecx, eax
    356
    357	00000222  7E 0D	90 90 90 90			 jle @@DONEC3 ;	 rep movsb
    358	00000228  4F			 @@C3:		 dec   edi
    359	00000229  8A 06					 mov   al,[esi]	      ;	rep movsb
    360	0000022B  46					 inc   esi
    361	0000022C  88 07					 mov   [edi],al
    362	0000022E  49					 dec   ecx
    363	0000022F  7F F7					 jg  @@C3
    364	00000231			 @@DONEC3:
    365					 ;;------------------------------------
    366	00000231  33 C0					xor eax,eax
    367
    368
    369
    370	00000233  85 DB				 test	 ebx,ebx
    371	00000235  7F 9E				 jg	 @@XLOOP
    372
    373	00000237			 @@DONELINE:
    374	00000237  5B				 pop	 ebx ;restore xwidth
    375
    376	00000238  03 FD				 add	 edi,ebp ;position to next line
    377
    378	0000023A  4A				 dec	 edx
    379	0000023B  75 97				 jnz	 @@YLOOP
    380
    381	0000023D  C3				 ret
    382
    383	0000023E  5B			 @@DONE: pop ebx
    384	0000023F  C3			 ret
    385	00000240			 drawr2_xflip  ENDP
    386
    387
    388
    389
    390
    391					 ;core image drawing routine
    392					 ;xy clipping
    393					 ;y flipping
    394	00000240			 drawr2_xyclip	PROC
    395
    396						 ARG	 @@DISKIP,@@O,@@XLEN,@@XSTART,@@YLEN,@@YSTART
    397	00000240  55				 push	 ebp
Turbo Assembler	 Version 3.2	    03/07/97 23:38:09	    Page 8
r2imgasm.ASM



    398	00000241  8B EC				 mov	 ebp,esp
    399
    400						 ;negate diskip	if yflip
    401	00000243  8B 45	0C			 mov	 eax,@@O
    402	00000246  A9 00000001			 test	 eax,1b	   ;yflip
    403	0000024B  74 1C	90 90 90 90		 jz	 @@NOYFLIP
    404	00000251  8B 46	0C			 mov	 eax,[esi.yw]
    405	00000254  2B 45	18			 sub	 eax,@@YLEN
    406	00000257  2B 45	1C			 sub	 eax,@@YSTART
    407	0000025A  89 45	1C			 mov	 @@YSTART,eax
    408
    409	0000025D  8B 45	18			 mov	 eax,[@@YLEN]  ;ywidth
    410	00000260  48				 dec	 eax
    411	00000261  F7 65	08			 mul	 [@@DISKIP]
    412	00000264  03 F8				 add	 edi,eax    ;point to last scanline
    413	00000266  F7 5D	08			 neg	 [@@DISKIP]
    414	00000269			 @@NOYFLIP:
    415
    416	00000269  33 C0				 xor	 eax,eax
    417	0000026B  33 C9				 xor	 ecx,ecx
    418
    419	0000026D  56				 push	 esi ;save @@SRC
    420	0000026E			 @@YLOOP:
    421						 ;point	to source scanline
    422	0000026E  5E				 pop	 esi ;esi=@@SRC
    423	0000026F  8B 5D	1C			 mov	 ebx,[@@YSTART]
    424	00000272  56				 push	 esi
    425	00000273  03 74	9E 10			 add	 esi,[esi+ebx*4+16]
    426	00000277  FF 45	1C			 inc	 [@@YSTART]
    427
    428						 ;get image dimensions
    429	0000027A  8B 5D	10			 mov	 ebx,@@XLEN   ;number of pixels	to draw	horizontally
    430	0000027D  8B 55	14			 mov	 edx,@@XSTART ;number of pixels	to skip	per scanline before drawing
    431	00000280  57				 push	 edi	      ;save dest
    432
    433
    434	00000281			 @@XLOOP:
    435					 ;------------------------------------------------
    436						 ;skip through XSTART
    437	00000281  85 D2				 test	 edx,edx
    438	00000283  7E 35	90 90 90 90		 jle	 @@PHASE2
    439	00000289			 @@PHASE1:
    440						 ;transparent
    441	00000289  8A 06			 @@T1:	 mov	 al,[esi]
    442	0000028B  46				 inc	 esi
    443	0000028C  2B D0				 sub	 edx,eax
    444	0000028E  7E 18	90 90 90 90		 jle	 @@T1DONE
    445
    446						 ;opaque
    447	00000294  8A 06			 @@O1:	 mov	 al,[esi]
    448	00000296  46				 inc	 esi
    449	00000297  03 F0				 add	 esi,eax
    450	00000299  2B D0				 sub	 edx,eax
    451	0000029B  7F EC				 jg	 @@PHASE1
    452
    453						 ;opaque phase 1 completed
    454	0000029D  33 C9				 xor	 ecx,ecx
Turbo Assembler	 Version 3.2	    03/07/97 23:38:09	    Page 9
r2imgasm.ASM



    455	0000029F  03 F2				 add	 esi,edx  ;scoot back left
    456	000002A1  2B CA				 sub	 ecx,edx  ;eax=-edx (amt left to copy)
    457	000002A3  EB 25	90 90 90		 jmp	 @@O2
    458
    459	000002A8			 @@T1DONE: ;transparent	phase 1	completed
    460	000002A8  2B FA				 sub	 edi,edx
    461	000002AA  03 DA				 add	 ebx,edx
    462	000002AC  7E 49	90 90 90 90		 jle	 @@DONELINE
    463	000002B2  8A 0E				 mov	 cl,[esi] ;resume at opaque phase2
    464	000002B4  46				 inc	 esi
    465	000002B5  EB 13	90 90 90		 jmp	 @@O2
    466
    467					 ;------------------------------------------------
    468						 ;draw through XLEN
    469	000002BA			 @@PHASE2:
    470						 ;transparent
    471	000002BA  8A 06				 mov	 al,[esi]
    472	000002BC  46				 inc	 esi
    473	000002BD  03 F8				 add	 edi,eax
    474	000002BF  2B D8				 sub	 ebx,eax
    475	000002C1  7E 34	90 90 90 90		 jle	 @@DONELINE
    476
    477						 ;opaque
    478	000002C7  8A 0E				 mov	 cl,[esi]
    479	000002C9  46				 inc	 esi
    480	000002CA  2B D9			 @@O2:	 sub	 ebx,ecx    ;if	ebx<0 ecx+=ebx
    481	000002CC  7F 06	90 90 90 90		 jg	 @@NORIGHTCLIP
    482	000002D2  03 CB				 add	 ecx,ebx
    483	000002D4			 @@NORIGHTCLIP:
    484					    ;	  rep	  movsb
    485					 ;---------------------------------
    486					 ;copy forward esi->edi, eax bytes ecx=0
    487	000002D4  8B C1								  mov	  eax,ecx
    488	000002D6  2B CF					 sub	 ecx,edi  ;amount to pre-copy
    489	000002D8  2B C8					 sub	 ecx,eax
    490	000002DA  83 E1	03				 and	 ecx, 3
    491	000002DD  2B C1					 sub	 eax, ecx
    492	000002DF  7E 0C					 jle	 short @@ENDCOPY
    493	000002E1  F3> A4				rep movsb
    494	000002E3  8B C8					 mov	 ecx, eax ;main	copy
    495	000002E5  83 E0	03				 and	 eax, 3
    496	000002E8  C1 E9	02				 shr	 ecx, 2
    497	000002EB  F3> A5				rep movsd
    498	000002ED  03 C8			 @@ENDCOPY:	 add	 ecx, eax  ;end	copy
    499	000002EF  33 C0					 xor	 eax,eax
    500	000002F1  F3> A4				rep movsb
    501					 ;done copy
    502					 ;--------------------------------
    503
    504
    505	000002F3  85 DB				 test	 ebx,ebx
    506	000002F5  7F C3				 jg	 @@PHASE2
    507
    508	000002F7			 @@DONELINE:
    509	000002F7  5F				 pop	 edi	    ;restore dest
    510	000002F8  03 7D	08			 add	 edi,@@DISKIP ;position	to next	line
    511
Turbo Assembler	 Version 3.2	    03/07/97 23:38:09	    Page 10
r2imgasm.ASM



    512	000002FB  FF 4D	18			 dec	 [@@YLEN]
    513	000002FE  0F 85	FFFFFF6A		 jnz	 @@YLOOP
    514
    515	00000304  5E			 @@DONE: pop	 esi
    516	00000305  5D				 pop	 ebp
    517	00000306  C2 0018			 ret	 6*4   ;return and pop
    518	00000309			 drawr2_xyclip	ENDP
    519
    520
    521
    522					 ;core image drawing routine
    523					 ;xy clipping
    524					 ;xy flipping
    525	00000309			 drawr2_xyclip_xflip  PROC
    526
    527						 ARG	 @@DISKIP,@@O,@@XLEN,@@XSTART,@@YLEN,@@YSTART
    528	00000309  55				 push	 ebp
    529	0000030A  8B EC				 mov	 ebp,esp
    530
    531	0000030C  8B 46	08			 mov	 eax,[esi.xw]	 ;ax=xlength
    532	0000030F  2B 45	10			 sub	 eax,@@XLEN
    533	00000312  2B 45	14			 sub	 eax,@@XSTART
    534	00000315  89 45	14			 mov	 @@XSTART,eax
    535
    536						 ;negate diskip	if yflip
    537	00000318  8B 45	0C			 mov	 eax,@@O
    538	0000031B  A9 00000001			 test	 eax,1b	   ;yflip
    539	00000320  74 1C	90 90 90 90		 jz	 @@NOYFLIP
    540	00000326  8B 46	0C			 mov	 eax,[esi.yw]
    541	00000329  2B 45	18			 sub	 eax,@@YLEN
    542	0000032C  2B 45	1C			 sub	 eax,@@YSTART
    543	0000032F  89 45	1C			 mov	 @@YSTART,eax
    544
    545	00000332  8B 45	18			 mov	 eax,[@@YLEN]  ;ywidth
    546	00000335  48				 dec	 eax
    547	00000336  F7 65	08			 mul	 [@@DISKIP]
    548	00000339  03 F8				 add	 edi,eax    ;point to last scanline
    549	0000033B  F7 5D	08			 neg	 [@@DISKIP]
    550	0000033E			 @@NOYFLIP:
    551
    552	0000033E  33 C0				 xor	 eax,eax
    553	00000340  33 C9				 xor	 ecx,ecx
    554
    555	00000342  03 7D	10			 add	 edi,@@XLEN    ;point to end of	scanline to copy leftwards
    556
    557
    558	00000345  56				 push	 esi ;save @@SRC
    559	00000346			 @@YLOOP:
    560						 ;point	to source scanline
    561	00000346  5E				 pop	 esi ;esi=@@SRC
    562	00000347  8B 5D	1C			 mov	 ebx,[@@YSTART]
    563	0000034A  56				 push	 esi
    564	0000034B  03 74	9E 10			 add	 esi,[esi+ebx*4+16]
    565	0000034F  FF 45	1C			 inc	 [@@YSTART]
    566
    567						 ;get image dimensions
    568	00000352  8B 5D	10			 mov	 ebx,@@XLEN   ;number of pixels	to draw	horizontally
Turbo Assembler	 Version 3.2	    03/07/97 23:38:09	    Page 11
r2imgasm.ASM



    569	00000355  8B 55	14			 mov	 edx,@@XSTART ;number of pixels	to skip	per scanline before drawing
    570	00000358  57				 push	 edi	      ;save dest
    571
    572
    573	00000359			 @@XLOOP:
    574					 ;------------------------------------------------
    575						 ;skip through XSTART
    576	00000359  85 D2				 test	 edx,edx
    577	0000035B  7E 35	90 90 90 90		 jle	 @@PHASE2
    578	00000361			 @@PHASE1:
    579						 ;transparent
    580	00000361  8A 06			 @@T1:	 mov	 al,[esi]
    581	00000363  46				 inc	 esi
    582	00000364  2B D0				 sub	 edx,eax
    583	00000366  7E 18	90 90 90 90		 jle	 @@T1DONE
    584
    585						 ;opaque
    586	0000036C  8A 06			 @@O1:	 mov	 al,[esi]
    587	0000036E  46				 inc	 esi
    588	0000036F  03 F0				 add	 esi,eax
    589	00000371  2B D0				 sub	 edx,eax
    590	00000373  7F EC				 jg	 @@PHASE1
    591
    592						 ;opaque phase 1 completed
    593	00000375  33 C9				 xor	 ecx,ecx
    594	00000377  03 F2				 add	 esi,edx  ;scoot back left
    595	00000379  2B CA				 sub	 ecx,edx  ;eax=-edx (amt left to copy)
    596	0000037B  EB 25	90 90 90		 jmp	 @@O2
    597
    598	00000380			 @@T1DONE: ;transparent	phase 1	completed
    599	00000380  03 FA				 add	 edi,edx
    600	00000382  03 DA				 add	 ebx,edx
    601	00000384  7E 3B	90 90 90 90		 jle	 @@DONELINE
    602	0000038A  8A 0E				 mov	 cl,[esi] ;resume at opaque phase2
    603	0000038C  46				 inc	 esi
    604	0000038D  EB 13	90 90 90		 jmp	 @@O2
    605
    606					 ;------------------------------------------------
    607						 ;draw through XLEN
    608	00000392			 @@PHASE2:
    609						 ;transparent
    610	00000392  8A 06				 mov	 al,[esi]
    611	00000394  46				 inc	 esi
    612	00000395  2B F8				 sub	 edi,eax
    613	00000397  2B D8				 sub	 ebx,eax
    614	00000399  7E 26	90 90 90 90		 jle	 @@DONELINE
    615
    616						 ;opaque
    617	0000039F  8A 0E				 mov	 cl,[esi]
    618	000003A1  46				 inc	 esi
    619	000003A2  2B D9			 @@O2:	 sub	 ebx,ecx    ;if	ebx<0 ecx+=ebx
    620	000003A4  7F 06	90 90 90 90		 jg	 @@NORIGHTCLIP
    621	000003AA  03 CB				 add	 ecx,ebx
    622	000003AC			 @@NORIGHTCLIP:
    623
    624	000003AC  85 C9				 test	 ecx,ecx
    625	000003AE  7E 0D	90 90 90 90		 jle	  @@NOCOPY
Turbo Assembler	 Version 3.2	    03/07/97 23:38:09	    Page 12
r2imgasm.ASM



    626						 ;copy backward	esi->edi, ecx bytes
    627	000003B4  4F			 @@COPY: dec	 edi
    628	000003B5  8A 06				 mov	 al,[esi]
    629	000003B7  46				 inc	 esi
    630	000003B8  88 07				 mov	 [edi],al
    631	000003BA  49				 dec	 ecx
    632	000003BB  75 F7				 jnz	  @@COPY
    633	000003BD			 @@NOCOPY:
    634	000003BD  85 DB				 test	 ebx,ebx
    635	000003BF  7F D1				 jg	 @@PHASE2
    636
    637	000003C1			 @@DONELINE:
    638	000003C1  5F				 pop	 edi	    ;restore dest
    639	000003C2  03 7D	08			 add	 edi,@@DISKIP ;position	to next	line
    640
    641	000003C5  FF 4D	18			 dec	 [@@YLEN]
    642	000003C8  0F 85	FFFFFF78		 jnz	 @@YLOOP
    643
    644	000003CE  5E			 @@DONE: pop	 esi
    645	000003CF  5D				 pop	 ebp
    646	000003D0  C2 0018			 ret	 6*4   ;return and pop
    647	000003D3			 drawr2_xyclip_xflip  ENDP
    648
    649
    650
    651
    652
    653	000003D3			 _drawhline PROC
    654					  ARG @@DEST,@@COLOR,@@X,@@Y,@@X2
    655	000003D3  55						 push ebp
    656	000003D4  8B EC				  mov	 ebp,esp
    657	000003D6  57				  push edi
    658
    659						  ;vertical clipping
    660	000003D7  8B 45	14			  mov	 eax,@@Y
    661	000003DA  85 C0				  test	 eax,eax
    662	000003DC  0F 8C	00000085		  jl		 @@DONE
    663	000003E2  3B 05	00000000e		  cmp	 eax,_SCREENY
    664	000003E8  7D 7D	90 90 90 90		  jge	 @@DONE
    665
    666	000003EE  8B 45	10			  mov	 eax,@@X
    667	000003F1  3B 05	00000000e		  cmp	 eax,_SCREENX
    668	000003F7  7D 6E	90 90 90 90		  jge	 @@DONE
    669	000003FD  85 C0				  test	 eax,eax
    670	000003FF  7D 06	90 90 90 90		  jge	 @@NOLEFTCLIP
    671	00000405  33 C0				  xor	 eax,eax
    672	00000407			 @@NOLEFTCLIP:
    673
    674	00000407  8B 4D	18			  mov	 ecx,@@X2
    675	0000040A  85 C9				  test	ecx,ecx
    676	0000040C  7C 59	90 90 90 90		  jl		 @@DONE
    677	00000412  3B 0D	00000000e		  cmp	 ecx,_SCREENX
    678	00000418  7C 0B	90 90 90 90		  jl		 @@NORIGHTCLIP
    679	0000041E  8B 0D	00000000e		  mov	 ecx,_SCREENX
    680	00000424  49				  dec	 ecx
    681	00000425			 @@NORIGHTCLIP:
    682
Turbo Assembler	 Version 3.2	    03/07/97 23:38:09	    Page 13
r2imgasm.ASM



    683								 ;inc	ecx
    684	00000425  2B C8				  sub	 ecx,eax ;;get length
    685	00000427  7E 3E	90 90 90 90		  jle	 @@DONE
    686
    687								 ;get pointer to dest
    688	0000042D  8B 7D	08			  mov	 edi,@@DEST
    689	00000430  03 F8				  add	 edi,eax
    690
    691	00000432  8B 45	14			  mov	 eax,@@Y
    692	00000435  F7 25	00000000e				 mul	 _PITCH
    693	0000043B  03 F8				  add	 edi,eax
    694
    695
    696						  ;set up storing word
    697	0000043D  8A 45	0C			  mov	 al,byte ptr @@COLOR
    698	00000440  8A E0				  mov	 ah,al
    699	00000442  8B D0				  mov	 edx,eax
    700	00000444  C1 E0	10			  shl	 eax,16
    701	00000447  66| 8B C2			  mov	 ax,dx
    702
    703					 ;	  rep stosb
    704					 ;---------------------------------
    705					 ;copy forward esi->edi, eax bytes ecx=0
    706	0000044A  8B D1							     mov     edx,ecx
    707	0000044C  2B CF					 sub	 ecx,edi  ;amount to pre-copy
    708	0000044E  2B CA					 sub	 ecx,edx
    709	00000450  83 E1	03				 and	 ecx, 3
    710	00000453  2B D1					 sub	 edx, ecx
    711	00000455  7E 0C					 jle	 short @@ENDCOPY
    712	00000457  F3> AA				rep stosb
    713	00000459  8B CA					 mov	 ecx, edx ;main	copy
    714	0000045B  83 E2	03				 and	 edx, 3
    715	0000045E  C1 E9	02				 shr	 ecx, 2
    716	00000461  F3> AB				rep stosd
    717	00000463  03 CA			 @@ENDCOPY:	 add	 ecx, edx  ;end	copy
    718	00000465  F3> AA				rep stosb
    719					 ;done store
    720					 ;--------------------------------
    721
    722
    723	00000467			 @@DONE:
    724	00000467  5F						 pop   edi
    725	00000468  5D				  pop	 ebp
    726	00000469  C3				  ret
    727	0000046A			 _drawhline ENDP
    728
    729
    730
    731
    732
    733	0000046A			 _drawvline PROC
    734					   ARG @@DEST,@@COLOR,@@X,@@Y,@@Y2
    735	0000046A  55						 push ebp
    736	0000046B  8B EC				  mov	 ebp,esp
    737	0000046D  57				  push edi
    738
    739						  ;horiz clipping
Turbo Assembler	 Version 3.2	    03/07/97 23:38:09	    Page 14
r2imgasm.ASM



    740	0000046E  8B 45	10			  mov	 eax,@@X
    741	00000471  85 C0				  test	 eax,eax
    742	00000473  7C 6D	90 90 90 90		  jl		 @@DONE
    743	00000479  3B 05	00000000e		  cmp	 eax,_SCREENX
    744	0000047F  7D 61	90 90 90 90		  jge	 @@DONE
    745
    746	00000485  8B 45	14			  mov	 eax,@@Y
    747	00000488  3B 05	00000000e		  cmp	 eax,_SCREENY
    748	0000048E  7F 52	90 90 90 90		  jg	 @@DONE
    749	00000494  85 C0				  test	 eax,eax
    750	00000496  7F 06	90 90 90 90		  jg		 @@NOTOPCLIP
    751	0000049C  33 C0				  xor	 eax,eax
    752	0000049E			 @@NOTOPCLIP:
    753
    754	0000049E  8B 4D	18			  mov	 ecx,@@Y2
    755	000004A1  85 C9				  test	ecx,ecx
    756	000004A3  7C 3D	90 90 90 90		  jl		 @@DONE
    757	000004A9  3B 0D	00000000e		  cmp	 ecx,_SCREENY
    758	000004AF  7C 0B	90 90 90 90		  jl		 @@NOBOTTOMCLIP
    759	000004B5  8B 0D	00000000e		  mov	 ecx,_SCREENY
    760	000004BB  49				  dec	 ecx
    761	000004BC			 @@NOBOTTOMCLIP:
    762
    763								 ;inc	ecx
    764	000004BC  2B C8				  sub	 ecx,eax ;;get length
    765	000004BE  7E 22	90 90 90 90		  jle	@@DONE
    766
    767								 ;get pointer to dest
    768	000004C4  8B 7D	08			  mov	 edi,@@DEST
    769	000004C7  F7 25	00000000e				 mul	 _PITCH
    770	000004CD  03 F8				  add	 edi,eax
    771	000004CF  03 7D	10			  add	 edi,@@X
    772
    773						  ;set up storing word
    774	000004D2  8A 45	0C			  mov	 al,byte ptr @@COLOR
    775	000004D5  8B 15	00000000e		  mov	 edx,[_PITCH]
    776
    777	000004DB  88 07			 @@LP:		 mov	 [edi],al
    778	000004DD  03 FA						 add	 edi,edx
    779	000004DF  49				  dec	 ecx
    780	000004E0  75 F9				  jnz	 @@LP
    781
    782	000004E2			 @@DONE:
    783	000004E2  5F				  pop	edi
    784	000004E3  5D				  pop	 ebp
    785	000004E4  C3				  ret
    786	000004E5			 _drawvline ENDP
    787
    788
    789
    790
    791
    792
    793
    794	000004E5			 _drawrect PROC
    795					  ARG @@B:DWORD,@@COLOR:DWORD,@@X:DWORD,@@Y:DWORD,@@XW:DWORD,@@YW:DWORD
    796
Turbo Assembler	 Version 3.2	    03/07/97 23:38:09	    Page 15
r2imgasm.ASM



    797	000004E5  55				   push	ebp
    798	000004E6  8B EC				   mov ebp,esp
    799	000004E8  53				   push	ebx
    800	000004E9  57				   push	edi
    801
    802	000004EA  A1 00000000e			   mov eax,_SCREENX
    803	000004EF  39 45	10			   cmp [@@X],eax
    804	000004F2  0F 8D	000000D6		   jge @@DONE
    805
    806	000004F8  A1 00000000e			   mov eax,_SCREENY
    807	000004FD  39 45	14			   cmp [@@Y],eax
    808	00000500  0F 8D	000000C8		   jge @@DONE
    809
    810
    811	00000506  A1 00000000e			   mov eax,_SCREENX
    812	0000050B  8B 5D	10			   mov ebx,@@X
    813	0000050E  03 5D	18			   add ebx,@@XW
    814	00000511  3B D8				   cmp ebx,eax
    815	00000513  7C 0A	90 90 90 90		   jl @@NOXO
    816	00000519  2B 45	10			   sub eax,@@X
    817	0000051C  89 45	18			   mov @@XW,eax
    818	0000051F			 @@NOXO:
    819
    820	0000051F  A1 00000000e			   mov eax,_SCREENY
    821	00000524  8B 5D	14			   mov ebx,@@Y
    822	00000527  03 5D	1C			   add ebx,@@YW
    823	0000052A  3B D8				   cmp ebx,eax
    824	0000052C  7C 0A	90 90 90 90		   jl @@NOYO
    825	00000532  2B 45	14			   sub eax,@@Y
    826	00000535  89 45	1C			   mov @@YW,eax
    827	00000538			 @@NOYO:
    828
    829
    830	00000538  83 7D	10 00			   cmp @@X,0
    831	0000053C  7D 11	90 90 90 90		   jge	@@NOXU
    832	00000542  8B 45	10			   mov eax,@@X
    833	00000545  01 45	18			   add [@@XW],eax
    834	00000548  C7 45	10 00000000		   mov @@X,0
    835	0000054F			 @@NOXU:
    836
    837	0000054F  83 7D	14 00			   cmp @@Y,0
    838	00000553  7D 11	90 90 90 90		   jge	@@NOYU
    839	00000559  8B 45	14			   mov eax,@@Y
    840	0000055C  01 45	1C			   add [@@YW],eax
    841	0000055F  C7 45	14 00000000		   mov @@Y,0
    842	00000566			 @@NOYU:
    843
    844	00000566  83 7D	18 00			   cmp [@@XW],0
    845	0000056A  7E 62	90 90 90 90		   jle @@DONE
    846	00000570  83 7D	1C 00			   cmp [@@YW],0
    847	00000574  7E 58	90 90 90 90		   jle @@DONE
    848
    849	0000057A  8B 45	14			   mov	eax,@@Y
    850	0000057D  F7 25	00000000e		   mul	_PITCH
    851	00000583  03 45	10			   add	eax,@@X
    852	00000586  8B 7D	08			   mov	edi,@@B
    853	00000589  03 F8				   add	edi,eax
Turbo Assembler	 Version 3.2	    03/07/97 23:38:09	    Page 16
r2imgasm.ASM



    854
    855	0000058B  8B 5D	0C			   mov	ebx,@@COLOR
    856	0000058E  8A C3				   mov	al,bl
    857	00000590  C1 E0	08			   shl	eax,8
    858	00000593  8A C3				   mov	al,bl
    859	00000595  C1 E0	08			   shl	eax,8
    860	00000598  8A C3				   mov	al,bl
    861	0000059A  C1 E0	08			   shl	eax,8
    862	0000059D  8A C3				   mov	al,bl
    863
    864	0000059F  FC				   cld
    865	000005A0			 @@YLOOP:
    866	000005A0  8B 4D	18			 mov ecx, @@XW
    867
    868
    869					 ;---------------------------------
    870					 ;copy forward esi->edi, eax bytes ecx=0
    871	000005A3  8B D1							     mov     edx,ecx
    872	000005A5  2B CF					 sub	 ecx,edi  ;amount to pre-copy
    873	000005A7  2B CA					 sub	 ecx,edx
    874	000005A9  83 E1	03				 and	 ecx, 3
    875	000005AC  2B D1					 sub	 edx, ecx
    876	000005AE  7E 0C					 jle	 short @@ENDCOPY
    877	000005B0  F3> AA				rep stosb
    878	000005B2  8B CA					 mov	 ecx, edx ;main	copy
    879	000005B4  83 E2	03				 and	 edx, 3
    880	000005B7  C1 E9	02				 shr	 ecx, 2
    881	000005BA  F3> AB				rep stosd
    882	000005BC  03 CA			 @@ENDCOPY:	 add	 ecx, edx  ;end	copy
    883	000005BE  F3> AA				rep stosb
    884					 ;done store
    885					 ;--------------------------------
    886
    887	000005C0  03 3D	00000000e		 add edi,_PITCH
    888	000005C6  2B 7D	18			 sub edi,@@XW
    889
    890	000005C9  FF 4D	1C			 dec @@YW
    891	000005CC  7F D2				 jg @@YLOOP
    892
    893	000005CE			 @@DONE:
    894	000005CE  5F				 pop edi
    895	000005CF  5B				 pop ebx
    896	000005D0  5D				 pop ebp
    897	000005D1  C3				 ret
    898
    899	000005D2			 _drawrect ENDP
    900
    901
    902
    903					 ;draw rectangle with color mapping
    904	000005D2			 _drawrectmap PROC
    905					  ARG @@B:DWORD,@@MAP:DWORD,@@X:DWORD,@@Y:DWORD,@@XW:DWORD,@@YW:DWORD
    906
    907	000005D2  55				   push	ebp
    908	000005D3  8B EC				   mov ebp,esp
    909	000005D5  53				   push	ebx
    910	000005D6  56				   push	esi
Turbo Assembler	 Version 3.2	    03/07/97 23:38:09	    Page 17
r2imgasm.ASM



    911	000005D7  57				   push	edi
    912
    913	000005D8  A1 00000000e			   mov eax,_SCREENX
    914	000005DD  39 45	10			   cmp [@@X],eax
    915	000005E0  0F 8D	000000F0		   jge @@DONE
    916
    917	000005E6  A1 00000000e			   mov eax,_SCREENY
    918	000005EB  39 45	14			   cmp [@@Y],eax
    919	000005EE  0F 8D	000000E2		   jge @@DONE
    920
    921	000005F4  A1 00000000e			   mov eax,_SCREENX
    922	000005F9  8B 5D	10			   mov ebx,@@X
    923	000005FC  03 5D	18			   add ebx,@@XW
    924	000005FF  3B D8				   cmp ebx,eax
    925	00000601  7C 0A	90 90 90 90		   jl @@NOXO
    926	00000607  2B 45	10			   sub eax,@@X
    927	0000060A  89 45	18			   mov @@XW,eax
    928	0000060D			 @@NOXO:
    929
    930	0000060D  A1 00000000e			   mov eax,_SCREENY
    931	00000612  8B 5D	14			   mov ebx,@@Y
    932	00000615  03 5D	1C			   add ebx,@@YW
    933	00000618  3B D8				   cmp ebx,eax
    934	0000061A  7C 0A	90 90 90 90		   jl @@NOYO
    935	00000620  2B 45	14			   sub eax,@@Y
    936	00000623  89 45	1C			   mov @@YW,eax
    937	00000626			 @@NOYO:
    938
    939
    940	00000626  83 7D	10 00			   cmp @@X,0
    941	0000062A  7D 11	90 90 90 90		   jge	@@NOXU
    942	00000630  8B 45	10			   mov eax,@@X
    943	00000633  01 45	18			   add [@@XW],eax
    944	00000636  C7 45	10 00000000		   mov @@X,0
    945	0000063D			 @@NOXU:
    946
    947	0000063D  83 7D	14 00			   cmp @@Y,0
    948	00000641  7D 11	90 90 90 90		   jge	@@NOYU
    949	00000647  8B 45	14			   mov eax,@@Y
    950	0000064A  01 45	1C			   add [@@YW],eax
    951	0000064D  C7 45	14 00000000		   mov @@Y,0
    952	00000654			 @@NOYU:
    953
    954	00000654  83 7D	18 00			   cmp [@@XW],0
    955	00000658  7E 7C	90 90 90 90		   jle @@DONE
    956	0000065E  83 7D	1C 00			   cmp [@@YW],0
    957	00000662  7E 72	90 90 90 90		   jle @@DONE
    958
    959						   ;point edi to region	to draw	to
    960	00000668  8B 45	14			   mov	eax,@@Y
    961	0000066B  F7 25	00000000e		   mul	_PITCH
    962	00000671  03 45	10			   add	eax,@@X
    963	00000674  8B 7D	08			   mov	edi,@@B
    964	00000677  03 F8				   add	edi,eax
    965
    966
    967	00000679  8B 75	0C			   mov	esi,@@MAP
Turbo Assembler	 Version 3.2	    03/07/97 23:38:09	    Page 18
r2imgasm.ASM



    968	0000067C  33 D2				   xor	edx,edx
    969	0000067E  33 C9				   xor	ecx,ecx
    970	00000680			 @@YLOOP:
    971						   ;dword color	mapping
    972	00000680  57				   push	edi
    973	00000681  55				   push	ebp
    974
    975					 ;precopy
    976	00000682  8B 4D	18					  mov  ecx,@@XW
    977	00000685  83 E1	03			   and	ecx,11b
    978	00000688  74 0F	90 90 90 90		   jz	@@NOPRECOPY
    979	0000068E  8A 17			 @@PRECOPY:mov	 dl,[edi]      ;1U
    980								    ;2stall
    981	00000690  8A 04	16					  mov  al,[esi+edx]  ;3U
    982	00000693  88 07				   mov	[edi],al      ;4U
    983	00000695  47						  inc	 edi	       ;4V
    984	00000696  49					     dec ecx	       ;5U
    985	00000697  75 F5				   jnz	 @@PRECOPY	 ;5V
    986	00000699			 @@NOPRECOPY:
    987
    988					 ;dword	copy
    989	00000699  8B 07				   mov	eax,[edi] ;load	first word
    990	0000069B  8B 6D	18			   mov	ebp,@@XW
    991	0000069E  C1 ED	02			   shr	ebp,2
    992	000006A1			 @@COPY:
    993	000006A1  C1 C8	10			   ror	eax,16	      ;1 U unpairable
    994
    995	000006A4  8A D0				   mov	dl,al	      ;2 U
    996	000006A6  8A CC				   mov	cl,ah	      ;2 V
    997
    998	000006A8  C1 E8	10			   shr	eax,16	      ;3 U
    999	000006AB  83 C7	04			   add	edi,4	      ;3 V
   1000
   1001	000006AE  8A 1C	16			   mov	bl,[esi+edx]  ;4 U
   1002	000006B1  8A D0				   mov	dl,al	      ;4 V
   1003
   1004	000006B3  8A 3C	0E			   mov	bh,[esi+ecx]  ;5 U
   1005	000006B6  8A CC				   mov	cl,ah	      ;5 V
   1006
   1007	000006B8  C1 E3	10			   shl	ebx,16	      ;6 U
   1008
   1009	000006BB  8A 1C	16			   mov	bl,[esi+edx]  ;7 U
   1010	000006BE  8B 07				   mov	 eax,[edi]     ;7 V
   1011
   1012	000006C0  8A 3C	0E			   mov	bh,[esi+ecx]  ;8 U
   1013	000006C3  4D				   dec ebp	     ;8	V
   1014
   1015	000006C4  89 5F	FC			   mov	[edi-4],ebx   ;9 U
   1016	000006C7  75 D8				   jnz	 @@COPY	       ;9 V
   1017
   1018	000006C9  5D				   pop	ebp
   1019	000006CA  5F				   pop	edi
   1020	000006CB  03 3D	00000000e		   add	 edi,_PITCH
   1021
   1022	000006D1  FF 4D	1C			   dec @@YW
   1023	000006D4  7F AA				   jg @@YLOOP
   1024
Turbo Assembler	 Version 3.2	    03/07/97 23:38:09	    Page 19
r2imgasm.ASM



   1025	000006D6			 @@DONE:
   1026	000006D6  5F				   pop edi
   1027	000006D7  5E				   pop esi
   1028	000006D8  5B				   pop ebx
   1029	000006D9  5D				   pop ebp
   1030	000006DA  C3				   ret
   1031	000006DB			 _drawrectmap ENDP
   1032
   1033
   1034
   1035
   1036
   1037
   1038
   1039
   1040
   1041
   1042
   1043	000006DB			 _drawscr PROC
   1044					     ARG @@SRC,@@DEST,@@XW,@@YW,@@PITCH
   1045
   1046	000006DB  55					 push	 ebp
   1047	000006DC  8B EC				  mov	 ebp,esp
   1048
   1049	000006DE  56				  push	 esi
   1050	000006DF  57				  push	 edi
   1051
   1052	000006E0  8B 75	08			  mov	 esi,@@SRC
   1053	000006E3  8B 7D	0C			  mov	 edi,@@DEST
   1054
   1055	000006E6  8B 45	10			  mov	 eax,@@XW
   1056	000006E9			 @@LP:
   1057	000006E9  33 C9						 xor	 ecx,ecx
   1058
   1059					 ;---------------------------------
   1060					 ;copy forward esi->edi, eax bytes ecx=0
   1061	000006EB  2B CF					 sub	 ecx,edi  ;amount to pre-copy
   1062	000006ED  83 E1	03				 and	 ecx, 3
   1063	000006F0  2B C1					 sub	 eax, ecx
   1064	000006F2  7E 0C					 jle	 short @@ENDCOPY
   1065	000006F4  F3> A4				rep movsb
   1066	000006F6  8B C8					 mov	 ecx, eax ;main	copy
   1067	000006F8  83 E0	03				 and	 eax, 3
   1068	000006FB  C1 E9	02				 shr	 ecx, 2
   1069	000006FE  F3> A5				rep movsd
   1070	00000700  03 C8			 @@ENDCOPY:	 add	 ecx, eax  ;end	copy
   1071	00000702  33 C0					 xor	 eax,eax
   1072	00000704  F3> A4				rep movsb
   1073					 ;done copy
   1074					 ;--------------------------------
   1075
   1076	00000706  8B 45	10			  mov	 eax,@@XW
   1077
   1078	00000709  03 75	18			  add	 esi,@@PITCH
   1079	0000070C  03 3D	00000000e		  add	 edi,_PITCH
   1080	00000712  2B F0				  sub	esi,eax
   1081	00000714  2B F8				  sub	edi,eax
Turbo Assembler	 Version 3.2	    03/07/97 23:38:09	    Page 20
r2imgasm.ASM



   1082	00000716  FF 4D	14				 dec	 @@YW
   1083	00000719  75 CE				  jnz	 @@LP
   1084
   1085	0000071B			 @@DONE:
   1086	0000071B  5F				  pop	 edi
   1087	0000071C  5E				  pop	 esi
   1088	0000071D  5D				  pop	 ebp
   1089	0000071E  C3				  ret
   1090	0000071F			 _drawscr ENDP
   1091
   1092
   1093
   1094
   1095
   1096
   1097
   1098
   1099
   1100
   1101
   1102
   1103
   1104
   1105
   1106
   1107					 comment *
   1108					 ;single byte mapping
   1109						   cld
   1110						   xor	eax,eax
   1111						   mov	ebx,@@MAP
   1112						   mov	ecx,@@XW
   1113						   xor	edx,edx
   1114
   1115					 @@YLOOP:
   1116					 @@XLOOP:  mov	 al,[edi]      ;1U
   1117								    ;2stall
   1118								  mov  dl,[ebx+eax]  ;3U
   1119						   mov	[edi],dl      ;4U
   1120								  inc	 edi	       ;4V
   1121							     dec ecx	       ;5U
   1122						   jnz	 @@XLOOP       ;5V
   1123
   1124						   mov	ecx,@@XW
   1125						   add	 edi,_PITCH
   1126						   sub	 edi,ecx
   1127
   1128						   dec @@YW
   1129						   jg @@YLOOP
   1130
   1131					 *
   1132
   1133
   1134
   1135						 END
Turbo Assembler	 Version 3.2	    03/07/97 23:38:09	    Page 21
Symbol Table




Symbol Name			  Type	 Value

??DATE				  Text	 "03/07/97"
??FILENAME			  Text	 "r2imgasm"
??TIME				  Text	 "23:38:09"
??VERSION			  Number 0314
@32BIT				  Text	 1
@@B				  Number [FLAT:EBP+0008]
@@B				  Number [FLAT:EBP+0008]
@@C1				  Near	 FLAT:01F7
@@C3				  Near	 FLAT:0228
@@CNT				  Number [FLAT:EBP+0010]
@@COLOR				  Number [FLAT:EBP+000C]
@@COLOR				  Number [FLAT:EBP+000C]
@@COLOR				  Number [FLAT:EBP+000C]
@@COPY				  Near	 FLAT:06A1
@@COPY				  Near	 FLAT:0210
@@COPY				  Near	 FLAT:03B4
@@DEST				  Number [FLAT:EBP+000C]
@@DEST				  Number [FLAT:EBP+0008]
@@DEST				  Number [FLAT:EBP+0008]
@@DEST				  Number [FLAT:EBP+000C]
@@DEST				  Number [FLAT:EBP+000C]
@@DEST				  Number [FLAT:EBP+000C]
@@DEST				  Number [FLAT:EBP+000C]
@@DISKIP			  Number [FLAT:EBP+0008]
@@DISKIP			  Number [FLAT:EBP+0008]
@@DONE				  Near	 FLAT:0093
@@DONE				  Near	 FLAT:06D6
@@DONE				  Near	 FLAT:0467
@@DONE				  Near	 FLAT:04E2
@@DONE				  Near	 FLAT:071B
@@DONE				  Near	 FLAT:05CE
@@DONE				  Near	 FLAT:0131
@@DONE				  Near	 FLAT:01A2
@@DONE				  Near	 FLAT:023E
@@DONE				  Near	 FLAT:0304
@@DONE				  Near	 FLAT:03CE
@@DONEC3			  Near	 FLAT:0231
@@DONELINE			  Near	 FLAT:019B
@@DONELINE			  Near	 FLAT:0237
@@DONELINE			  Near	 FLAT:02F7
@@DONELINE			  Near	 FLAT:03C1
@@ENDCOPY			  Near	 FLAT:05BC
@@ENDCOPY			  Near	 FLAT:0463
@@ENDCOPY			  Near	 FLAT:0700
@@ENDCOPY			  Near	 FLAT:0191
@@ENDCOPY			  Near	 FLAT:02ED
@@FIRST				  Number [FLAT:EBP+000C]
@@LENDBYTES			  Near	 FLAT:0220
@@LP				  Near	 FLAT:04DB
@@LP				  Near	 FLAT:06E9
@@MAP				  Number [FLAT:EBP+000C]
@@NOBOTTOM			  Near	 FLAT:00CB
@@NOBOTTOMCLIP			  Near	 FLAT:04BC
@@NOC1				  Near	 FLAT:0201
Turbo Assembler	 Version 3.2	    03/07/97 23:38:09	    Page 22
Symbol Table



@@NOCOPY			  Near	 FLAT:03BD
@@NOLEFT			  Near	 FLAT:00E8
@@NOLEFTCLIP			  Near	 FLAT:0407
@@NOPRECOPY			  Near	 FLAT:0699
@@NORIGHT			  Near	 FLAT:0100
@@NORIGHTCLIP			  Near	 FLAT:0425
@@NORIGHTCLIP			  Near	 FLAT:02D4
@@NORIGHTCLIP			  Near	 FLAT:03AC
@@NOTOP				  Near	 FLAT:00B3
@@NOTOPCLIP			  Near	 FLAT:049E
@@NOXO				  Near	 FLAT:051F
@@NOXO				  Near	 FLAT:060D
@@NOXU				  Near	 FLAT:054F
@@NOXU				  Near	 FLAT:063D
@@NOYFLIP			  Near	 FLAT:0157
@@NOYFLIP			  Near	 FLAT:01C2
@@NOYFLIP			  Near	 FLAT:0269
@@NOYFLIP			  Near	 FLAT:033E
@@NOYO				  Near	 FLAT:0538
@@NOYO				  Near	 FLAT:0626
@@NOYU				  Near	 FLAT:0566
@@NOYU				  Near	 FLAT:0654
@@O				  Number [FLAT:EBP+0018]
@@O				  Number [FLAT:EBP+0018]
@@O				  Number [FLAT:EBP+0018]
@@O				  Number [FLAT:EBP+0018]
@@O				  Number [FLAT:EBP+000C]
@@O				  Number [FLAT:EBP+000C]
@@O1				  Near	 FLAT:0294
@@O1				  Near	 FLAT:036C
@@O2				  Near	 FLAT:02CA
@@O2				  Near	 FLAT:03A2
@@PAL				  Number [FLAT:EBP+0008]
@@PHASE1			  Near	 FLAT:0289
@@PHASE1			  Near	 FLAT:0361
@@PHASE2			  Near	 FLAT:02BA
@@PHASE2			  Near	 FLAT:0392
@@PITCH				  Number [FLAT:EBP+0018]
@@PRECOPY			  Near	 FLAT:068E
@@SRC				  Number [FLAT:EBP+0008]
@@SRC				  Number [FLAT:EBP+0008]
@@SRC				  Number [FLAT:EBP+0008]
@@SRC				  Number [FLAT:EBP+0008]
@@SRC				  Number [FLAT:EBP+0008]
@@T1				  Near	 FLAT:0289
@@T1				  Near	 FLAT:0361
@@T1DONE			  Near	 FLAT:02A8
@@T1DONE			  Near	 FLAT:0380
@@X				  Number [FLAT:EBP+0010]
@@X				  Number [FLAT:EBP+0010]
@@X				  Number [FLAT:EBP+0010]
@@X				  Number [FLAT:EBP+0010]
@@X				  Number [FLAT:EBP+0010]
@@X				  Number [FLAT:EBP+0010]
@@X				  Number [FLAT:EBP+0010]
@@X				  Number [FLAT:EBP+0010]
@@X2				  Number [FLAT:EBP+0018]
Turbo Assembler	 Version 3.2	    03/07/97 23:38:09	    Page 23
Symbol Table



@@XFLIP				  Near	 FLAT:008E
@@XFLIP				  Near	 FLAT:012C
@@XLEN				  Number [FLAT:EBP+0010]
@@XLEN				  Number [FLAT:EBP+0010]
@@XLOOP				  Near	 FLAT:0168
@@XLOOP				  Near	 FLAT:01D5
@@XLOOP				  Near	 FLAT:0281
@@XLOOP				  Near	 FLAT:0359
@@XSTART			  Number [FLAT:EBP+0014]
@@XSTART			  Number [FLAT:EBP+0014]
@@XW				  Number [FLAT:EBP+0018]
@@XW				  Number [FLAT:EBP+0018]
@@XW				  Number [FLAT:EBP+0010]
@@Y				  Number [FLAT:EBP+0014]
@@Y				  Number [FLAT:EBP+0014]
@@Y				  Number [FLAT:EBP+0014]
@@Y				  Number [FLAT:EBP+0014]
@@Y				  Number [FLAT:EBP+0014]
@@Y				  Number [FLAT:EBP+0014]
@@Y				  Number [FLAT:EBP+0014]
@@Y				  Number [FLAT:EBP+0014]
@@Y2				  Number [FLAT:EBP+0018]
@@YLEN				  Number [FLAT:EBP+0018]
@@YLEN				  Number [FLAT:EBP+0018]
@@YLOOP				  Near	 FLAT:05A0
@@YLOOP				  Near	 FLAT:0680
@@YLOOP				  Near	 FLAT:0167
@@YLOOP				  Near	 FLAT:01D4
@@YLOOP				  Near	 FLAT:026E
@@YLOOP				  Near	 FLAT:0346
@@YSTART			  Number [FLAT:EBP+001C]
@@YSTART			  Number [FLAT:EBP+001C]
@@YW				  Number [FLAT:EBP+001C]
@@YW				  Number [FLAT:EBP+001C]
@@YW				  Number [FLAT:EBP+0014]
@CODE				  Text	 FLAT
@CODESIZE			  Text	 0
@CPU				  Text	 1F1FH
@CURSEG				  Text	 _TEXT
@DATA				  Text	 FLAT
@DATASIZE			  Text	 0
@FILENAME			  Text	 R2IMGASM
@INTERFACE			  Text	 00H
@MODEL				  Text	 1
@STACK				  Text	 FLAT
@WORDSIZE			  Text	 4
DRAWIMAGER2CLIP			  Near	 FLAT:0098
DRAWR2				  Near	 FLAT:0139
DRAWR2_XFLIP			  Near	 FLAT:01A4
DRAWR2_XYCLIP			  Near	 FLAT:0240
DRAWR2_XYCLIP_XFLIP		  Near	 FLAT:0309
_DRAWHLINE			  Near	 FLAT:03D3
_DRAWIMAGER2			  Near	 FLAT:001E
_DRAWRECT			  Near	 FLAT:04E5
_DRAWRECTMAP			  Near	 FLAT:05D2
_DRAWSCR			  Near	 FLAT:06DB
_DRAWVLINE			  Near	 FLAT:046A
Turbo Assembler	 Version 3.2	    03/07/97 23:38:09	    Page 24
Symbol Table



_LOADPALETTE			  Near	 FLAT:0000
_PITCH				  Dword	 FLAT:---- Extern
_SCREENX			  Dword	 FLAT:---- Extern
_SCREENY			  Dword	 FLAT:---- Extern

Structure Name			  Type	Offset

IMG
 TYPE				  Dword	 0000
 SIZE				  Dword	 0004
 XW				  Dword	 0008
 YW				  Dword	 000C

Groups & Segments		  Bit Size Align  Combine Class

DGROUP				  Group
  _DATA				  32  0000 Dword  Public  DATA
FLAT				  Group
_TEXT				  32  071F Dword  Public  CODE
Turbo Assembler	 Version 3.2	    03/07/97 23:38:09	    Page 25
Error Summary



*Warning* r2imgasm.ASM(9) Reserved word	used as	symbol:	TYPE
*Warning* r2imgasm.ASM(10) Reserved word used as symbol: SIZE
