129
0 S1
1 S2
2 S3
3 S4
4 S5
5 S6
6 S7
7 S8
8 S9
9 S10
10 S11
11 S12
12 S13
13 SMOK1
14 SMOK2
15 DUCK1
16 DUCK2
17 JUMP1
18 JUMP2
19 TILT1
20 TILT2
21 TILT3
22 TILT4
23 TILT5
24 CLIMB1
25 CLIMB2
26 CLIMB3
27 CLIMB4
28 UW1
29 UW2
30 UW3
31 UW4
32 UW5
33 UW6
34 UW7
35 BULLET1
36 CLIMB5
37 CLIMB6
38 UCLIMB1
39 UCLIMB2
40 UCLIMB3
41 WALL1
42 WALL2
43 WALL3
44 WALL4
45 WALL5
46 WALL6
47 WALL7
48 WALL8
49 BULLET2
50 BULLET3
51 BULLET4
52 HIT1
53 HIT2
54 SPLAT1
55 SPLAT2
56 SPLAT3
57 SPLAT4
58 SPLAT5
59 SPLAT6
60 SPLAT7
61 SPLAT8
62 SPLAT9
63 SPLAT10
64 SPLAT11
65 SPLAT12
66 KICK1
67 KICK2
68 KICK3
69 KICK4
70 KICK5
71 KICK6
72 KICK7
73 KICK8
74 KICK9
75 KICK10
76 KICK11
77 KICK12
78 KICK13
79 KICK14
80 KICK15
81 KICK16
82 KICK17
83 KICK18
84 KICK19
85 SLICER1
86 SLICER2
87 SLICER3
88 SLICER4
89 SLICER5
90 SLICER6
91 SLICER7
92 SLICER8
93 SLICER9
94 SLICER10
95 SLICER11
96 SLICER12
97 SLICER13
98 SLICER14
99 SLICER15
100 SLICER16
101 STANKIK
102 BAYO1
103 BAYO2
104 BAYO3
105 BAYO4
106 FLIP1
107 FLIP2
108 MID
109 INAC1
110 INAC2
111 TONG1
112 TONG2
113 TONG3
114 TONG4
115 TONG5
116 TONG6
117 BLOOD1
118 BLOOD2
119 BLOOD3
120 BLOOD4
121 WALS1
122 WALS2
123 WALLTW
124 BACKH1
125 BACKH2
126 DIE1
127 DIE2
128 SQUIRT
